INFO  Diffblue Cover 2026.01.01-SNAPSHOT-f2f2d79-local
INFO  
INFO  Command: issues
INFO  Output a prioritized list of issues.
INFO  
INFO  Selected modules:
INFO  - org.symphonyoss.symphony.integrations:integration-auth
INFO  
INFO  
INFO  [1/1] Diagnosing issues for module: org.symphonyoss.symphony.integrations:integration-auth
INFO  ==========================================================================================
INFO  
INFO  Detected Java version 1.8.0_472
INFO  Selected build system: Maven
INFO  Selected classpath from build system maven
INFO  Reading report file '/home/jbergqvist/diffblue/symphonyoss-App-Integrations-Core/integration-auth/.diffblue/reports/report.json'
INFO  Copied report file to '/home/jbergqvist/diffblue/symphonyoss-App-Integrations-Core/integration-auth/.diffblue/reports/report-20260122T092933.json'
INFO  
INFO  R013: No inputs found that don't throw a trivial exception
      
INFO  To resolve the issue, use the following prompt with your AI assistant:
      
      We are unit testing `org.symphonyoss.integration.authentication.AuthenticationContext.httpClientForContext:(Lorg/symphonyoss/integration/authentication/api/enums/ServiceName;)Ljavax/ws/rs/client/Client;`.
      
      Create a parameterless factory method for the problematic
      parameter/this object, determining which by reading the error message below.
      The new factory method should be in the test classpath, not production.
      Create a new factory class if there isn't already one for the class under test.
      Do not create a test yourself, only a factory (don't test the factory either).
      The factory method must be annotated with 
      `@com.diffblue.cover.annotations.InterestingTestFactory`.
      Avoid using mocks, these tend to produce unused stubbing errors or a
      `java.lang.NullPointerException`.
      If your environment has internet access then further documentation on
      factory methods for Cover can be found here:
      https://docs.diffblue.com/features/tutorials/increase-code-coverage#test-factory-pattern
      
      The factory should produce a parameter/this object such that
      the following exception does not occur:
      
      ```
      java.security.KeyStoreException: foo not found
        at java.security.KeyStore.getInstance(KeyStore.java:851)
      java.security.NoSuchAlgorithmException: foo KeyStore not available
        at sun.security.jca.GetInstance.getInstance(GetInstance.java:159)
        at java.security.Security.getImpl(Security.java:695)
        at java.security.KeyStore.getInstance(KeyStore.java:848)
      ```
      
      Recompile the project to make sure the new factory / annotation / getter / etc
      is available to Cover.
      For example run `mvn install -DskipTests` or `gradle install -x test`.
      
INFO  
INFO  R013: No inputs found that don't throw a trivial exception
      
INFO  To resolve the issue, use the following prompt with your AI assistant:
      
      We are unit testing `org.symphonyoss.integration.authentication.AppAuthenticationProxyImpl.registerApplication:(Ljava/lang/String;Ljava/security/KeyStore;Ljava/lang/String;)V`.
      
      Create a parameterless factory method for the problematic
      parameter/this object, determining which by reading the error message below.
      The new factory method should be in the test classpath, not production.
      Create a new factory class if there isn't already one for the class under test.
      Do not create a test yourself, only a factory (don't test the factory either).
      The factory method must be annotated with 
      `@com.diffblue.cover.annotations.InterestingTestFactory`.
      Avoid using mocks, these tend to produce unused stubbing errors or a
      `java.lang.NullPointerException`.
      If your environment has internet access then further documentation on
      factory methods for Cover can be found here:
      https://docs.diffblue.com/features/tutorials/increase-code-coverage#test-factory-pattern
      
      The factory should produce a parameter/this object such that
      the following exception does not occur:
      
      ```
      org.symphonyoss.integration.authentication.exception.MissingServiceConfigurationException: 
      Component: There's no configured services to authenticate the integration.
      Message: Check if the application.yaml has the configuration for the required services, e.g. pod, pod_session_manager
      Solutions: 
      No solution has been cataloged for troubleshooting this problem.
      
        at org.symphonyoss.integration.authentication.AuthenticationContext.<init>(AuthenticationContext.java:82)
        at org.symphonyoss.integration.authentication.AppAuthenticationContext.<init>(AppAuthenticationContext.java:44)
        at org.symphonyoss.integration.authentication.AppAuthenticationProxyImpl.registerApplication(AppAuthenticationProxyImpl.java:77)
      ```
      
      Recompile the project to make sure the new factory / annotation / getter / etc
      is available to Cover.
      For example run `mvn install -DskipTests` or `gradle install -x test`.
      
INFO  
INFO  R013: No inputs found that don't throw a trivial exception
      
INFO  To resolve the issue, use the following prompt with your AI assistant:
      
      We are unit testing `org.symphonyoss.integration.authentication.AuthenticationProxyImpl.reAuthOrThrow:(Ljava/lang/String;Lorg/symphonyoss/integration/exception/RemoteApiException;)V`.
      
      Create a parameterless factory method for the problematic
      parameter/this object, determining which by reading the error message below.
      The new factory method should be in the test classpath, not production.
      Create a new factory class if there isn't already one for the class under test.
      Do not create a test yourself, only a factory (don't test the factory either).
      The factory method must be annotated with 
      `@com.diffblue.cover.annotations.InterestingTestFactory`.
      Avoid using mocks, these tend to produce unused stubbing errors or a
      `java.lang.NullPointerException`.
      If your environment has internet access then further documentation on
      factory methods for Cover can be found here:
      https://docs.diffblue.com/features/tutorials/increase-code-coverage#test-factory-pattern
      
      The factory should produce a parameter/this object such that
      the following exception does not occur:
      
      ```
      org.symphonyoss.integration.exception.RemoteApiException: 
      Component: Commons
      Message: An error occurred
      Solutions: 
      No solution has been cataloged for troubleshooting this problem.
      
      ```
      
      Recompile the project to make sure the new factory / annotation / getter / etc
      is available to Cover.
      For example run `mvn install -DskipTests` or `gradle install -x test`.
      
INFO  
INFO  R013: No inputs found that don't throw a trivial exception
      
INFO  To resolve the issue, use the following prompt with your AI assistant:
      
      We are unit testing `org.symphonyoss.integration.authentication.AuthenticationProxyImpl.registerUser:(Ljava/lang/String;Ljava/security/KeyStore;Ljava/lang/String;)V`.
      
      Create a parameterless factory method for the problematic
      parameter/this object, determining which by reading the error message below.
      The new factory method should be in the test classpath, not production.
      Create a new factory class if there isn't already one for the class under test.
      Do not create a test yourself, only a factory (don't test the factory either).
      The factory method must be annotated with 
      `@com.diffblue.cover.annotations.InterestingTestFactory`.
      Avoid using mocks, these tend to produce unused stubbing errors or a
      `java.lang.NullPointerException`.
      If your environment has internet access then further documentation on
      factory methods for Cover can be found here:
      https://docs.diffblue.com/features/tutorials/increase-code-coverage#test-factory-pattern
      
      The factory should produce a parameter/this object such that
      the following exception does not occur:
      
      ```
      org.symphonyoss.integration.authentication.exception.MissingServiceConfigurationException: 
      Component: There's no configured services to authenticate the integration.
      Message: Check if the application.yaml has the configuration for the required services, e.g. pod, pod_session_manager
      Solutions: 
      No solution has been cataloged for troubleshooting this problem.
      
        at org.symphonyoss.integration.authentication.AuthenticationContext.<init>(AuthenticationContext.java:82)
        at org.symphonyoss.integration.authentication.UserAuthenticationContext.<init>(UserAuthenticationContext.java:55)
        at org.symphonyoss.integration.authentication.AuthenticationProxyImpl.registerUser(AuthenticationProxyImpl.java:298)
      ```
      
      Recompile the project to make sure the new factory / annotation / getter / etc
      is available to Cover.
      For example run `mvn install -DskipTests` or `gradle install -x test`.
      
INFO  
INFO  R081: Exception in arrange section
      
INFO  To resolve the issue, use the following prompt with your AI assistant:
      
      Fix the following issue preventing test creation for the following affected methods:
      org.symphonyoss.integration.authentication.AppAuthenticationContext.getApplicationId:()Ljava/lang/String;
      
      Diffblue Cover was unable to construct an instance of the class under test using
      org.symphonyoss.integration.authentication.AppAuthenticationContext.getApplicationId().
      The arrange section threw
      java.security.KeyStoreException: foo not found
          at java.security.KeyStore.getInstance(KeyStore.java:851)
      More information about the exception is provided in the support log.
      See https://diff.blue/R081 for further troubleshooting of this issue.
      
INFO  
INFO  R081: Exception in arrange section
      
INFO  To resolve the issue, use the following prompt with your AI assistant:
      
      Fix the following issue preventing test creation for the following affected methods:
      org.symphonyoss.integration.authentication.UserAuthenticationContext.getPreviousToken:()Lorg/symphonyoss/integration/authentication/AuthenticationToken;
      org.symphonyoss.integration.authentication.UserAuthenticationContext.getToken:()Lorg/symphonyoss/integration/authentication/AuthenticationToken;
      org.symphonyoss.integration.authentication.UserAuthenticationContext.getUserId:()Ljava/lang/String;
      org.symphonyoss.integration.authentication.UserAuthenticationContext.invalidateAuthentication:()V
      org.symphonyoss.integration.authentication.UserAuthenticationContext.isAuthenticated:()Z
      
      Diffblue Cover was unable to construct an instance of the class under test using
      org.symphonyoss.integration.authentication.UserAuthenticationContext.invalidateAuthentication().
      The arrange section threw
      java.security.KeyStoreException: foo not found
          at java.security.KeyStore.getInstance(KeyStore.java:851)
      More information about the exception is provided in the support log.
      See https://diff.blue/R081 for further troubleshooting of this issue.
      
INFO  
INFO  6 issues were found and displayed
INFO  Rerun without --prompts to summarise all the issues
INFO  
INFO  Log file: /home/jbergqvist/diffblue/symphonyoss-App-Integrations-Core/.diffblue/log/user-20260122T093706.log
INFO  Finished in 3s
