INFO  Diffblue Cover 2026.01.01-SNAPSHOT-f2f2d79-local
INFO  
INFO  Command: issues
INFO  Output a prioritized list of issues.
INFO  
INFO  Selected modules:
INFO  - org.symphonyoss.symphony.integrations:integration-provisioning
INFO  
INFO  
INFO  [1/1] Diagnosing issues for module: org.symphonyoss.symphony.integrations:integration-provisioning
INFO  ==================================================================================================
INFO  
INFO  Detected Java version 1.8.0_472
INFO  Selected build system: Maven
INFO  Selected classpath from build system maven
INFO  Reading report file '/home/jbergqvist/diffblue/symphonyoss-App-Integrations-Core/integration-provisioning/.diffblue/reports/report.json'
INFO  Copied report file to '/home/jbergqvist/diffblue/symphonyoss-App-Integrations-Core/integration-provisioning/.diffblue/reports/report-20260122T135814.json'
INFO  
INFO  R013: No inputs found that don't throw a trivial exception
INFO  Issues: 2
INFO  Affected methods: 2
INFO  
INFO  R011: Sandboxing policy violation
INFO  Issues: 1
INFO  Affected methods: 2
INFO  
INFO  3 issues were found, rerun with --prompts to list with actionable advice
INFO  Rerun with --prompts --limit 10 --skip 10 to restrict which issues are displayed
INFO  
INFO  Log file: /home/jbergqvist/diffblue/symphonyoss-App-Integrations-Core/.diffblue/log/user-20260122T140427.log
INFO  Finished in 3s
