INFO  Diffblue Cover 2026.01.01-SNAPSHOT-f2f2d79-local
INFO  
INFO  Command: issues
INFO  Output a prioritized list of issues.
INFO  
INFO  Selected modules:
INFO  - org.symphonyoss.symphony.integrations:integration-web
INFO  
INFO  
INFO  [1/1] Diagnosing issues for module: org.symphonyoss.symphony.integrations:integration-web
INFO  =========================================================================================
INFO  
INFO  Detected Java version 1.8.0_472
INFO  Selected build system: Maven
INFO  Selected classpath from build system maven
INFO  Reading report file '/home/jbergqvist/diffblue/symphonyoss-App-Integrations-Core/integration-web/.diffblue/reports/report.json'
INFO  Copied report file to '/home/jbergqvist/diffblue/symphonyoss-App-Integrations-Core/integration-web/.diffblue/reports/report-20260122T131903.json'
INFO  
INFO  R013: No inputs found that don't throw a trivial exception
INFO  Issues: 5
INFO  Affected methods: 5
INFO  
INFO  R002: Missing observers
INFO  Issues: 3
INFO  Affected methods: 5
INFO  
INFO  R026: Failed to create Spring context
INFO  Issues: 3
INFO  Affected methods: 3
INFO  
INFO  11 issues were found, rerun with --prompts to list with actionable advice
INFO  Rerun with --prompts --limit 10 --skip 10 to restrict which issues are displayed
INFO  
INFO  Log file: /home/jbergqvist/diffblue/symphonyoss-App-Integrations-Core/.diffblue/log/user-20260122T132606.log
INFO  Finished in 3s
