INFO  Diffblue Cover 2026.01.01-SNAPSHOT-f2f2d79-local
INFO  
INFO  Command: issues
INFO  Output a prioritized list of issues.
INFO  
INFO  Selected modules:
INFO  - org.symphonyoss.symphony.integrations:integration-web
INFO  
INFO  
INFO  [1/1] Diagnosing issues for module: org.symphonyoss.symphony.integrations:integration-web
INFO  =========================================================================================
INFO  
INFO  Detected Java version 1.8.0_472
INFO  Selected build system: Maven
INFO  Selected classpath from build system maven
INFO  Reading report file '/home/jbergqvist/diffblue/symphonyoss-App-Integrations-Core/integration-web/.diffblue/reports/report.json'
INFO  Copied report file to '/home/jbergqvist/diffblue/symphonyoss-App-Integrations-Core/integration-web/.diffblue/reports/report-20260122T131903.json'
INFO  
INFO  R013: No inputs found that don't throw a trivial exception
      
INFO  To resolve the issue, use the following prompt with your AI assistant:
      
      We are unit testing `org.symphonyoss.integration.web.filter.IntegrationMetricsFilter.init:(Ljavax/servlet/FilterConfig;)V`.
      
      Create a parameterless factory method for the problematic
      parameter/this object, determining which by reading the error message below.
      The new factory method should be in the test classpath, not production.
      Create a new factory class if there isn't already one for the class under test.
      Do not create a test yourself, only a factory (don't test the factory either).
      The factory method must be annotated with 
      `@com.diffblue.cover.annotations.InterestingTestFactory`.
      Avoid using mocks, these tend to produce unused stubbing errors or a
      `java.lang.NullPointerException`.
      If your environment has internet access then further documentation on
      factory methods for Cover can be found here:
      https://docs.diffblue.com/features/tutorials/increase-code-coverage#test-factory-pattern
      
      The factory should produce a parameter/this object such that
      the following exception does not occur:
      
      ```
      java.lang.IllegalStateException: No WebApplicationContext found: no ContextLoaderListener registered?
        at org.springframework.web.context.support.WebApplicationContextUtils.getRequiredWebApplicationContext(WebApplicationContextUtils.java:83)
        at org.symphonyoss.integration.web.filter.IntegrationMetricsFilter.init(IntegrationMetricsFilter.java:62)
      ```
      
      Recompile the project to make sure the new factory / annotation / getter / etc
      is available to Cover.
      For example run `mvn install -DskipTests` or `gradle install -x test`.
      
INFO  
INFO  R013: No inputs found that don't throw a trivial exception
      
INFO  To resolve the issue, use the following prompt with your AI assistant:
      
      We are unit testing `org.symphonyoss.integration.web.filter.WebHookOriginCheckFilter.doFilter:(Ljavax/servlet/ServletRequest;Ljavax/servlet/ServletResponse;Ljavax/servlet/FilterChain;)V`.
      
      Create a parameterless factory method for the problematic
      parameter/this object, determining which by reading the error message below.
      The new factory method should be in the test classpath, not production.
      Create a new factory class if there isn't already one for the class under test.
      Do not create a test yourself, only a factory (don't test the factory either).
      The factory method must be annotated with 
      `@com.diffblue.cover.annotations.InterestingTestFactory`.
      Avoid using mocks, these tend to produce unused stubbing errors or a
      `java.lang.NullPointerException`.
      If your environment has internet access then further documentation on
      factory methods for Cover can be found here:
      https://docs.diffblue.com/features/tutorials/increase-code-coverage#test-factory-pattern
      
      The factory should produce a parameter/this object such that
      the following exception does not occur:
      
      ```
      java.lang.StringIndexOutOfBoundsException: String index out of range: -1
        at java.lang.String.substring(String.java:1967)
        at org.symphonyoss.integration.web.filter.WebHookOriginCheckFilter.doFilter(WebHookOriginCheckFilter.java:162)
      ```
      
      Recompile the project to make sure the new factory / annotation / getter / etc
      is available to Cover.
      For example run `mvn install -DskipTests` or `gradle install -x test`.
      
INFO  
INFO  R013: No inputs found that don't throw a trivial exception
      
INFO  To resolve the issue, use the following prompt with your AI assistant:
      
      We are unit testing `org.symphonyoss.integration.web.filter.WebHookOriginCheckFilter.init:(Ljavax/servlet/FilterConfig;)V`.
      
      Create a parameterless factory method for the problematic
      parameter/this object, determining which by reading the error message below.
      The new factory method should be in the test classpath, not production.
      Create a new factory class if there isn't already one for the class under test.
      Do not create a test yourself, only a factory (don't test the factory either).
      The factory method must be annotated with 
      `@com.diffblue.cover.annotations.InterestingTestFactory`.
      Avoid using mocks, these tend to produce unused stubbing errors or a
      `java.lang.NullPointerException`.
      If your environment has internet access then further documentation on
      factory methods for Cover can be found here:
      https://docs.diffblue.com/features/tutorials/increase-code-coverage#test-factory-pattern
      
      The factory should produce a parameter/this object such that
      the following exception does not occur:
      
      ```
      java.lang.IllegalStateException: No WebApplicationContext found: no ContextLoaderListener registered?
        at org.springframework.web.context.support.WebApplicationContextUtils.getRequiredWebApplicationContext(WebApplicationContextUtils.java:83)
        at org.symphonyoss.integration.web.filter.WebHookOriginCheckFilter.init(WebHookOriginCheckFilter.java:122)
      ```
      
      Recompile the project to make sure the new factory / annotation / getter / etc
      is available to Cover.
      For example run `mvn install -DskipTests` or `gradle install -x test`.
      
INFO  
INFO  R013: No inputs found that don't throw a trivial exception
      
INFO  To resolve the issue, use the following prompt with your AI assistant:
      
      We are unit testing `org.symphonyoss.integration.web.listener.ApplicationReadyListener.onApplicationEvent:(Lorg/springframework/boot/context/event/ApplicationReadyEvent;)V`.
      
      Create a parameterless factory method for the problematic
      parameter/this object, determining which by reading the error message below.
      The new factory method should be in the test classpath, not production.
      Create a new factory class if there isn't already one for the class under test.
      Do not create a test yourself, only a factory (don't test the factory either).
      The factory method must be annotated with 
      `@com.diffblue.cover.annotations.InterestingTestFactory`.
      Avoid using mocks, these tend to produce unused stubbing errors or a
      `java.lang.NullPointerException`.
      If your environment has internet access then further documentation on
      factory methods for Cover can be found here:
      https://docs.diffblue.com/features/tutorials/increase-code-coverage#test-factory-pattern
      
      The factory should produce a parameter/this object such that
      the following exception does not occur:
      
      ```
      java.lang.NullPointerException
        at org.symphonyoss.integration.web.listener.ApplicationReadyListener.onApplicationEvent(ApplicationReadyListener.java:34)
      ```
      
      Recompile the project to make sure the new factory / annotation / getter / etc
      is available to Cover.
      For example run `mvn install -DskipTests` or `gradle install -x test`.
      
INFO  
INFO  R013: No inputs found that don't throw a trivial exception
      
INFO  To resolve the issue, use the following prompt with your AI assistant:
      
      We are unit testing `org.symphonyoss.integration.web.listener.IntegrationListener.contextInitialized:(Ljavax/servlet/ServletContextEvent;)V`.
      
      Create a parameterless factory method for the problematic
      parameter/this object, determining which by reading the error message below.
      The new factory method should be in the test classpath, not production.
      Create a new factory class if there isn't already one for the class under test.
      Do not create a test yourself, only a factory (don't test the factory either).
      The factory method must be annotated with 
      `@com.diffblue.cover.annotations.InterestingTestFactory`.
      Avoid using mocks, these tend to produce unused stubbing errors or a
      `java.lang.NullPointerException`.
      If your environment has internet access then further documentation on
      factory methods for Cover can be found here:
      https://docs.diffblue.com/features/tutorials/increase-code-coverage#test-factory-pattern
      
      The factory should produce a parameter/this object such that
      the following exception does not occur:
      
      ```
      java.lang.IllegalStateException: No WebApplicationContext found: no ContextLoaderListener registered?
        at org.springframework.web.context.support.WebApplicationContextUtils.getRequiredWebApplicationContext(WebApplicationContextUtils.java:83)
        at org.symphonyoss.integration.web.listener.IntegrationListener.contextInitialized(IntegrationListener.java:42)
      ```
      
      Recompile the project to make sure the new factory / annotation / getter / etc
      is available to Cover.
      For example run `mvn install -DskipTests` or `gradle install -x test`.
      
INFO  
INFO  R002: Missing observers
      
INFO  To resolve the issue, use the following prompt with your AI assistant:
      
      Fix the following issue preventing test creation for the following affected methods:
      org.symphonyoss.integration.web.filter.WebHookTracingFilter.<init>:()V
      org.symphonyoss.integration.web.filter.WebHookTracingFilter.destroy:()V
      org.symphonyoss.integration.web.filter.WebHookTracingFilter.init:(Ljavax/servlet/FilterConfig;)V
      
      Diffblue Cover was unable to create an assertion.
      There are no fields that could be asserted on.
      
INFO  
INFO  R002: Missing observers
      
INFO  To resolve the issue, use the following prompt with your AI assistant:
      
      Fix the following issue preventing test creation for the following affected methods:
      org.symphonyoss.integration.web.listener.BootstrapApplicationListener.<init>:()V
      
      Diffblue Cover was unable to create an assertion.
      There are no fields that could be asserted on.
      
INFO  
INFO  R002: Missing observers
      
INFO  To resolve the issue, use the following prompt with your AI assistant:
      
      Fix the following issue preventing test creation for the following affected methods:
      org.symphonyoss.integration.web.listener.ApplicationReadyListener.<init>:()V
      
      Diffblue Cover was unable to create an assertion.
      There are no fields that could be asserted on.
      
INFO  
INFO  R026: Failed to create Spring context
      
INFO  To resolve the issue, use the following prompt with your AI assistant:
      
      Fix the following issue preventing test creation for the following affected methods:
      org.symphonyoss.integration.web.metrics.RequestMetricsController.init:()V
      
      Attempt to initialize test context failed with
      com.diffblue.fuzztest.shared.proxy.BeanInstantiationException: Could not instantiate bean: requestMetricsController defined in null
          at java.util.stream.ReferencePipeline$3$1.accept(ReferencePipeline.java:193)
          at java.util.ArrayList$ArrayListSpliterator.forEachRemaining(ArrayList.java:1384)
          at java.util.stream.AbstractPipeline.copyInto(AbstractPipeline.java:482)
          at java.util.stream.AbstractPipeline.wrapAndCopyInto(AbstractPipeline.java:472)
          at java.util.stream.ReduceOps$ReduceOp.evaluateSequential(ReduceOps.java:708)
          at java.util.stream.AbstractPipeline.evaluate(AbstractPipeline.java:234)
          at java.util.stream.ReferencePipeline.collect(ReferencePipeline.java:566)
      java.lang.IllegalStateException: Failed to load ApplicationContext
          at org.springframework.test.context.cache.DefaultCacheAwareContextLoaderDelegate.loadContext(DefaultCacheAwareContextLoaderDelegate.java:124)
          at org.springframework.test.context.support.DefaultTestContext.getApplicationContext(DefaultTestContext.java:83)
          at java.util.stream.ReferencePipeline$3$1.accept(ReferencePipeline.java:193)
          at java.util.ArrayList$ArrayListSpliterator.forEachRemaining(ArrayList.java:1384)
          at java.util.stream.AbstractPipeline.copyInto(AbstractPipeline.java:482)
          at java.util.stream.AbstractPipeline.wrapAndCopyInto(AbstractPipeline.java:472)
          at java.util.stream.ReduceOps$ReduceOp.evaluateSequential(ReduceOps.java:708)
          at java.util.stream.AbstractPipeline.evaluate(AbstractPipeline.java:234)
          at java.util.stream.ReferencePipeline.collect(ReferencePipeline.java:566)
      org.springframework.beans.factory.BeanCreationException: Error creating bean with name 'requestMetricsController': Invocation of init method failed; nested exception is java.lang.NullPointerException
          at org.springframework.beans.factory.annotation.InitDestroyAnnotationBeanPostProcessor.postProcessBeforeInitialization(InitDestroyAnnotationBeanPostProcessor.java:137)
          at org.springframework.beans.factory.support.AbstractAutowireCapableBeanFactory.applyBeanPostProcessorsBeforeInitialization(AbstractAutowireCapableBeanFactory.java:409)
          at org.springframework.beans.factory.support.AbstractAutowireCapableBeanFactory.initializeBean(AbstractAutowireCapableBeanFactory.java:1620)
          at org.springframework.beans.factory.support.AbstractAutowireCapableBeanFactory.doCreateBean(AbstractAutowireCapableBeanFactory.java:555)
          at org.springframework.beans.factory.support.AbstractAutowireCapableBeanFactory.createBean(AbstractAutowireCapableBeanFactory.java:483)
          at org.springframework.beans.factory.support.AbstractBeanFactory$1.getObject(AbstractBeanFactory.java:306)
          at org.springframework.beans.factory.support.DefaultSingletonBeanRegistry.getSingleton(DefaultSingletonBeanRegistry.java:230)
          at org.springframework.beans.factory.support.AbstractBeanFactory.doGetBean(AbstractBeanFactory.java:302)
          at org.springframework.beans.factory.support.AbstractBeanFactory.getBean(AbstractBeanFactory.java:197)
          at org.springframework.beans.factory.support.DefaultListableBeanFactory.preInstantiateSingletons(DefaultListableBeanFactory.java:761)
          at org.springframework.context.support.AbstractApplicationContext.finishBeanFactoryInitialization(AbstractApplicationContext.java:866)
          at org.springframework.context.support.AbstractApplicationContext.refresh(AbstractApplicationContext.java:542)
          at org.springframework.test.context.support.AbstractGenericContextLoader.loadContext(AbstractGenericContextLoader.java:128)
          at org.springframework.test.context.support.AbstractGenericContextLoader.loadContext(AbstractGenericContextLoader.java:60)
          at org.springframework.test.context.support.AbstractDelegatingSmartContextLoader.delegateLoading(AbstractDelegatingSmartContextLoader.java:108)
          at org.springframework.test.context.support.AbstractDelegatingSmartContextLoader.loadContext(AbstractDelegatingSmartContextLoader.java:251)
          at org.springframework.test.context.cache.DefaultCacheAwareContextLoaderDelegate.loadContextInternal(DefaultCacheAwareContextLoaderDelegate.java:98)
          at org.springframework.test.context.cache.DefaultCacheAwareContextLoaderDelegate.loadContext(DefaultCacheAwareContextLoaderDelegate.java:116)
          at org.springframework.test.context.support.DefaultTestContext.getApplicationContext(DefaultTestContext.java:83)
          at java.util.stream.ReferencePipeline$3$1.accept(ReferencePipeline.java:193)
          at java.util.ArrayList$ArrayListSpliterator.forEachRemaining(ArrayList.java:1384)
          at java.util.stream.AbstractPipeline.copyInto(AbstractPipeline.java:482)
          at java.util.stream.AbstractPipeline.wrapAndCopyInto(AbstractPipeline.java:472)
          at java.util.stream.ReduceOps$ReduceOp.evaluateSequential(ReduceOps.java:708)
          at java.util.stream.AbstractPipeline.evaluate(AbstractPipeline.java:234)
          at java.util.stream.ReferencePipeline.collect(ReferencePipeline.java:566)
      java.lang.NullPointerException
          at java.util.concurrent.ConcurrentHashMap.putVal(ConcurrentHashMap.java:1011)
          at java.util.concurrent.ConcurrentHashMap.put(ConcurrentHashMap.java:1006)
          at org.symphonyoss.integration.web.metrics.RequestMetricsController.initStatusCode(RequestMetricsController.java:100)
          at org.symphonyoss.integration.web.metrics.RequestMetricsController.init(RequestMetricsController.java:85)
          at org.springframework.beans.factory.annotation.InitDestroyAnnotationBeanPostProcessor$LifecycleElement.invoke(InitDestroyAnnotationBeanPostProcessor.java:366)
          at org.springframework.beans.factory.annotation.InitDestroyAnnotationBeanPostProcessor$LifecycleMetadata.invokeInitMethods(InitDestroyAnnotationBeanPostProcessor.java:311)
          at org.springframework.beans.factory.annotation.InitDestroyAnnotationBeanPostProcessor.postProcessBeforeInitialization(InitDestroyAnnotationBeanPostProcessor.java:134)
          at org.springframework.beans.factory.support.AbstractAutowireCapableBeanFactory.applyBeanPostProcessorsBeforeInitialization(AbstractAutowireCapableBeanFactory.java:409)
          at org.springframework.beans.factory.support.AbstractAutowireCapableBeanFactory.initializeBean(AbstractAutowireCapableBeanFactory.java:1620)
          at org.springframework.beans.factory.support.AbstractAutowireCapableBeanFactory.doCreateBean(AbstractAutowireCapableBeanFactory.java:555)
          at org.springframework.beans.factory.support.AbstractAutowireCapableBeanFactory.createBean(AbstractAutowireCapableBeanFactory.java:483)
          at org.springframework.beans.factory.support.AbstractBeanFactory$1.getObject(AbstractBeanFactory.java:306)
          at org.springframework.beans.factory.support.DefaultSingletonBeanRegistry.getSingleton(DefaultSingletonBeanRegistry.java:230)
          at org.springframework.beans.factory.support.AbstractBeanFactory.doGetBean(AbstractBeanFactory.java:302)
          at org.springframework.beans.factory.support.AbstractBeanFactory.getBean(AbstractBeanFactory.java:197)
          at org.springframework.beans.factory.support.DefaultListableBeanFactory.preInstantiateSingletons(DefaultListableBeanFactory.java:761)
          at org.springframework.context.support.AbstractApplicationContext.finishBeanFactoryInitialization(AbstractApplicationContext.java:866)
          at org.springframework.context.support.AbstractApplicationContext.refresh(AbstractApplicationContext.java:542)
          at org.springframework.test.context.support.AbstractGenericContextLoader.loadContext(AbstractGenericContextLoader.java:128)
          at org.springframework.test.context.support.AbstractGenericContextLoader.loadContext(AbstractGenericContextLoader.java:60)
          at org.springframework.test.context.support.AbstractDelegatingSmartContextLoader.delegateLoading(AbstractDelegatingSmartContextLoader.java:108)
          at org.springframework.test.context.support.AbstractDelegatingSmartContextLoader.loadContext(AbstractDelegatingSmartContextLoader.java:251)
          at org.springframework.test.context.cache.DefaultCacheAwareContextLoaderDelegate.loadContextInternal(DefaultCacheAwareContextLoaderDelegate.java:98)
          at org.springframework.test.context.cache.DefaultCacheAwareContextLoaderDelegate.loadContext(DefaultCacheAwareContextLoaderDelegate.java:116)
          at org.springframework.test.context.support.DefaultTestContext.getApplicationContext(DefaultTestContext.java:83)
          at java.util.stream.ReferencePipeline$3$1.accept(ReferencePipeline.java:193)
          at java.util.ArrayList$ArrayListSpliterator.forEachRemaining(ArrayList.java:1384)
          at java.util.stream.AbstractPipeline.copyInto(AbstractPipeline.java:482)
          at java.util.stream.AbstractPipeline.wrapAndCopyInto(AbstractPipeline.java:472)
          at java.util.stream.ReduceOps$ReduceOp.evaluateSequential(ReduceOps.java:708)
          at java.util.stream.AbstractPipeline.evaluate(AbstractPipeline.java:234)
          at java.util.stream.ReferencePipeline.collect(ReferencePipeline.java:566)
      when running class:
      package org.symphonyoss.integration.web.metrics;
      @org.springframework.test.context.ContextConfiguration(classes = {org.symphonyoss.integration.web.metrics.RequestMetricsController.class})
      @org.junit.runner.RunWith(value = org.springframework.test.context.junit4.SpringRunner.class) // if JUnit 4
      @org.junit.jupiter.api.extension.ExtendWith(value = org.springframework.test.context.junit.jupiter.SpringExtension.class) // if JUnit 5
      public class DiffblueFakeClass3383 {
        @org.springframework.boot.test.mock.mockito.MockBean com.codahale.metrics.MetricRegistry metricRegistry;
        @org.springframework.beans.factory.annotation.Autowired org.symphonyoss.integration.web.metrics.RequestMetricsController requestMetricsController;
        @org.junit.Test // if JUnit 4
        @org.junit.jupiter.api.Test // if JUnit 5
        public void testSpringContextLoads() {}
      }
      To avoid this error, consider adding a custom base class to setup static
      mocking for java.util.concurrent.ConcurrentHashMap.
      For details on how to set up a custom base class, please follow this link:
      https://docs.diffblue.com/features/cover-cli/writing-tests/custom-test-setup
      See https://diff.blue/R026 to resolve this issue.
      
INFO  
INFO  R026: Failed to create Spring context
      
INFO  To resolve the issue, use the following prompt with your AI assistant:
      
      Fix the following issue preventing test creation for the following affected methods:
      org.symphonyoss.integration.web.metrics.RequestMetricsController.initController:(Ljava/lang/String;)V
      
      Attempt to initialize test context failed with
      com.diffblue.fuzztest.shared.proxy.BeanInstantiationException: Could not instantiate bean: requestMetricsController defined in null
          at java.util.stream.ReferencePipeline$3$1.accept(ReferencePipeline.java:193)
          at java.util.ArrayList$ArrayListSpliterator.forEachRemaining(ArrayList.java:1384)
          at java.util.stream.AbstractPipeline.copyInto(AbstractPipeline.java:482)
          at java.util.stream.AbstractPipeline.wrapAndCopyInto(AbstractPipeline.java:472)
          at java.util.stream.ReduceOps$ReduceOp.evaluateSequential(ReduceOps.java:708)
          at java.util.stream.AbstractPipeline.evaluate(AbstractPipeline.java:234)
          at java.util.stream.ReferencePipeline.collect(ReferencePipeline.java:566)
      java.lang.IllegalStateException: Failed to load ApplicationContext
          at org.springframework.test.context.cache.DefaultCacheAwareContextLoaderDelegate.loadContext(DefaultCacheAwareContextLoaderDelegate.java:124)
          at org.springframework.test.context.support.DefaultTestContext.getApplicationContext(DefaultTestContext.java:83)
          at java.util.stream.ReferencePipeline$3$1.accept(ReferencePipeline.java:193)
          at java.util.ArrayList$ArrayListSpliterator.forEachRemaining(ArrayList.java:1384)
          at java.util.stream.AbstractPipeline.copyInto(AbstractPipeline.java:482)
          at java.util.stream.AbstractPipeline.wrapAndCopyInto(AbstractPipeline.java:472)
          at java.util.stream.ReduceOps$ReduceOp.evaluateSequential(ReduceOps.java:708)
          at java.util.stream.AbstractPipeline.evaluate(AbstractPipeline.java:234)
          at java.util.stream.ReferencePipeline.collect(ReferencePipeline.java:566)
      org.springframework.beans.factory.BeanCreationException: Error creating bean with name 'requestMetricsController': Invocation of init method failed; nested exception is java.lang.NullPointerException
          at org.springframework.beans.factory.annotation.InitDestroyAnnotationBeanPostProcessor.postProcessBeforeInitialization(InitDestroyAnnotationBeanPostProcessor.java:137)
          at org.springframework.beans.factory.support.AbstractAutowireCapableBeanFactory.applyBeanPostProcessorsBeforeInitialization(AbstractAutowireCapableBeanFactory.java:409)
          at org.springframework.beans.factory.support.AbstractAutowireCapableBeanFactory.initializeBean(AbstractAutowireCapableBeanFactory.java:1620)
          at org.springframework.beans.factory.support.AbstractAutowireCapableBeanFactory.doCreateBean(AbstractAutowireCapableBeanFactory.java:555)
          at org.springframework.beans.factory.support.AbstractAutowireCapableBeanFactory.createBean(AbstractAutowireCapableBeanFactory.java:483)
          at org.springframework.beans.factory.support.AbstractBeanFactory$1.getObject(AbstractBeanFactory.java:306)
          at org.springframework.beans.factory.support.DefaultSingletonBeanRegistry.getSingleton(DefaultSingletonBeanRegistry.java:230)
          at org.springframework.beans.factory.support.AbstractBeanFactory.doGetBean(AbstractBeanFactory.java:302)
          at org.springframework.beans.factory.support.AbstractBeanFactory.getBean(AbstractBeanFactory.java:197)
          at org.springframework.beans.factory.support.DefaultListableBeanFactory.preInstantiateSingletons(DefaultListableBeanFactory.java:761)
          at org.springframework.context.support.AbstractApplicationContext.finishBeanFactoryInitialization(AbstractApplicationContext.java:866)
          at org.springframework.context.support.AbstractApplicationContext.refresh(AbstractApplicationContext.java:542)
          at org.springframework.test.context.support.AbstractGenericContextLoader.loadContext(AbstractGenericContextLoader.java:128)
          at org.springframework.test.context.support.AbstractGenericContextLoader.loadContext(AbstractGenericContextLoader.java:60)
          at org.springframework.test.context.support.AbstractDelegatingSmartContextLoader.delegateLoading(AbstractDelegatingSmartContextLoader.java:108)
          at org.springframework.test.context.support.AbstractDelegatingSmartContextLoader.loadContext(AbstractDelegatingSmartContextLoader.java:251)
          at org.springframework.test.context.cache.DefaultCacheAwareContextLoaderDelegate.loadContextInternal(DefaultCacheAwareContextLoaderDelegate.java:98)
          at org.springframework.test.context.cache.DefaultCacheAwareContextLoaderDelegate.loadContext(DefaultCacheAwareContextLoaderDelegate.java:116)
          at org.springframework.test.context.support.DefaultTestContext.getApplicationContext(DefaultTestContext.java:83)
          at java.util.stream.ReferencePipeline$3$1.accept(ReferencePipeline.java:193)
          at java.util.ArrayList$ArrayListSpliterator.forEachRemaining(ArrayList.java:1384)
          at java.util.stream.AbstractPipeline.copyInto(AbstractPipeline.java:482)
          at java.util.stream.AbstractPipeline.wrapAndCopyInto(AbstractPipeline.java:472)
          at java.util.stream.ReduceOps$ReduceOp.evaluateSequential(ReduceOps.java:708)
          at java.util.stream.AbstractPipeline.evaluate(AbstractPipeline.java:234)
          at java.util.stream.ReferencePipeline.collect(ReferencePipeline.java:566)
      java.lang.NullPointerException
          at java.util.concurrent.ConcurrentHashMap.putVal(ConcurrentHashMap.java:1011)
          at java.util.concurrent.ConcurrentHashMap.put(ConcurrentHashMap.java:1006)
          at org.symphonyoss.integration.web.metrics.RequestMetricsController.initStatusCode(RequestMetricsController.java:100)
          at org.symphonyoss.integration.web.metrics.RequestMetricsController.init(RequestMetricsController.java:85)
          at org.springframework.beans.factory.annotation.InitDestroyAnnotationBeanPostProcessor$LifecycleElement.invoke(InitDestroyAnnotationBeanPostProcessor.java:366)
          at org.springframework.beans.factory.annotation.InitDestroyAnnotationBeanPostProcessor$LifecycleMetadata.invokeInitMethods(InitDestroyAnnotationBeanPostProcessor.java:311)
          at org.springframework.beans.factory.annotation.InitDestroyAnnotationBeanPostProcessor.postProcessBeforeInitialization(InitDestroyAnnotationBeanPostProcessor.java:134)
          at org.springframework.beans.factory.support.AbstractAutowireCapableBeanFactory.applyBeanPostProcessorsBeforeInitialization(AbstractAutowireCapableBeanFactory.java:409)
          at org.springframework.beans.factory.support.AbstractAutowireCapableBeanFactory.initializeBean(AbstractAutowireCapableBeanFactory.java:1620)
          at org.springframework.beans.factory.support.AbstractAutowireCapableBeanFactory.doCreateBean(AbstractAutowireCapableBeanFactory.java:555)
          at org.springframework.beans.factory.support.AbstractAutowireCapableBeanFactory.createBean(AbstractAutowireCapableBeanFactory.java:483)
          at org.springframework.beans.factory.support.AbstractBeanFactory$1.getObject(AbstractBeanFactory.java:306)
          at org.springframework.beans.factory.support.DefaultSingletonBeanRegistry.getSingleton(DefaultSingletonBeanRegistry.java:230)
          at org.springframework.beans.factory.support.AbstractBeanFactory.doGetBean(AbstractBeanFactory.java:302)
          at org.springframework.beans.factory.support.AbstractBeanFactory.getBean(AbstractBeanFactory.java:197)
          at org.springframework.beans.factory.support.DefaultListableBeanFactory.preInstantiateSingletons(DefaultListableBeanFactory.java:761)
          at org.springframework.context.support.AbstractApplicationContext.finishBeanFactoryInitialization(AbstractApplicationContext.java:866)
          at org.springframework.context.support.AbstractApplicationContext.refresh(AbstractApplicationContext.java:542)
          at org.springframework.test.context.support.AbstractGenericContextLoader.loadContext(AbstractGenericContextLoader.java:128)
          at org.springframework.test.context.support.AbstractGenericContextLoader.loadContext(AbstractGenericContextLoader.java:60)
          at org.springframework.test.context.support.AbstractDelegatingSmartContextLoader.delegateLoading(AbstractDelegatingSmartContextLoader.java:108)
          at org.springframework.test.context.support.AbstractDelegatingSmartContextLoader.loadContext(AbstractDelegatingSmartContextLoader.java:251)
          at org.springframework.test.context.cache.DefaultCacheAwareContextLoaderDelegate.loadContextInternal(DefaultCacheAwareContextLoaderDelegate.java:98)
          at org.springframework.test.context.cache.DefaultCacheAwareContextLoaderDelegate.loadContext(DefaultCacheAwareContextLoaderDelegate.java:116)
          at org.springframework.test.context.support.DefaultTestContext.getApplicationContext(DefaultTestContext.java:83)
          at java.util.stream.ReferencePipeline$3$1.accept(ReferencePipeline.java:193)
          at java.util.ArrayList$ArrayListSpliterator.forEachRemaining(ArrayList.java:1384)
          at java.util.stream.AbstractPipeline.copyInto(AbstractPipeline.java:482)
          at java.util.stream.AbstractPipeline.wrapAndCopyInto(AbstractPipeline.java:472)
          at java.util.stream.ReduceOps$ReduceOp.evaluateSequential(ReduceOps.java:708)
          at java.util.stream.AbstractPipeline.evaluate(AbstractPipeline.java:234)
          at java.util.stream.ReferencePipeline.collect(ReferencePipeline.java:566)
      when running class:
      package org.symphonyoss.integration.web.metrics;
      @org.springframework.test.context.ContextConfiguration(classes = {org.symphonyoss.integration.web.metrics.RequestMetricsController.class})
      @org.junit.runner.RunWith(value = org.springframework.test.context.junit4.SpringRunner.class) // if JUnit 4
      @org.junit.jupiter.api.extension.ExtendWith(value = org.springframework.test.context.junit.jupiter.SpringExtension.class) // if JUnit 5
      public class DiffblueFakeClass3405 {
        @org.springframework.boot.test.mock.mockito.MockBean com.codahale.metrics.MetricRegistry metricRegistry;
        @org.springframework.beans.factory.annotation.Autowired org.symphonyoss.integration.web.metrics.RequestMetricsController requestMetricsController;
        @org.junit.Test // if JUnit 4
        @org.junit.jupiter.api.Test // if JUnit 5
        public void testSpringContextLoads() {}
      }
      To avoid this error, consider adding a custom base class to setup static
      mocking for java.util.concurrent.ConcurrentHashMap.
      For details on how to set up a custom base class, please follow this link:
      https://docs.diffblue.com/features/cover-cli/writing-tests/custom-test-setup
      See https://diff.blue/R026 to resolve this issue.
      
INFO  
INFO  R026: Failed to create Spring context
      
INFO  To resolve the issue, use the following prompt with your AI assistant:
      
      Fix the following issue preventing test creation for the following affected methods:
      org.symphonyoss.integration.web.resource.WebHookResource.checkIntegrationBridgeAvailability:()V
      
      Attempt to initialize test context failed with
      java.lang.IllegalStateException: Failed to load ApplicationContext
          at org.springframework.test.context.cache.DefaultCacheAwareContextLoaderDelegate.loadContext(DefaultCacheAwareContextLoaderDelegate.java:124)
          at org.springframework.test.context.support.DefaultTestContext.getApplicationContext(DefaultTestContext.java:83)
          at java.util.stream.ReferencePipeline$3$1.accept(ReferencePipeline.java:193)
          at java.util.ArrayList$ArrayListSpliterator.forEachRemaining(ArrayList.java:1384)
          at java.util.stream.AbstractPipeline.copyInto(AbstractPipeline.java:482)
          at java.util.stream.AbstractPipeline.wrapAndCopyInto(AbstractPipeline.java:472)
          at java.util.stream.ReduceOps$ReduceOp.evaluateSequential(ReduceOps.java:708)
          at java.util.stream.AbstractPipeline.evaluate(AbstractPipeline.java:234)
          at java.util.stream.ReferencePipeline.collect(ReferencePipeline.java:566)
      java.lang.IllegalStateException: Unable to register mock bean org.symphonyoss.integration.web.resource.WebHookResource expected a single matching bean to replace but found [webHookDispatcherResource, webHookResource]
          at org.springframework.boot.test.mock.mockito.MockitoPostProcessor.getBeanName(MockitoPostProcessor.java:243)
          at org.springframework.boot.test.mock.mockito.MockitoPostProcessor.registerMock(MockitoPostProcessor.java:188)
          at org.springframework.boot.test.mock.mockito.MockitoPostProcessor.register(MockitoPostProcessor.java:178)
          at org.springframework.boot.test.mock.mockito.MockitoPostProcessor.postProcessBeanFactory(MockitoPostProcessor.java:148)
          at org.springframework.boot.test.mock.mockito.MockitoPostProcessor.postProcessBeanFactory(MockitoPostProcessor.java:135)
          at org.springframework.context.support.PostProcessorRegistrationDelegate.invokeBeanFactoryPostProcessors(PostProcessorRegistrationDelegate.java:281)
          at org.springframework.context.support.PostProcessorRegistrationDelegate.invokeBeanFactoryPostProcessors(PostProcessorRegistrationDelegate.java:169)
          at org.springframework.context.support.AbstractApplicationContext.invokeBeanFactoryPostProcessors(AbstractApplicationContext.java:686)
          at org.springframework.context.support.AbstractApplicationContext.refresh(AbstractApplicationContext.java:524)
          at org.springframework.test.context.support.AbstractGenericContextLoader.loadContext(AbstractGenericContextLoader.java:128)
          at org.springframework.test.context.support.AbstractGenericContextLoader.loadContext(AbstractGenericContextLoader.java:60)
          at org.springframework.test.context.support.AbstractDelegatingSmartContextLoader.delegateLoading(AbstractDelegatingSmartContextLoader.java:108)
          at org.springframework.test.context.support.AbstractDelegatingSmartContextLoader.loadContext(AbstractDelegatingSmartContextLoader.java:251)
          at org.springframework.test.context.cache.DefaultCacheAwareContextLoaderDelegate.loadContextInternal(DefaultCacheAwareContextLoaderDelegate.java:98)
          at org.springframework.test.context.cache.DefaultCacheAwareContextLoaderDelegate.loadContext(DefaultCacheAwareContextLoaderDelegate.java:116)
          at org.springframework.test.context.support.DefaultTestContext.getApplicationContext(DefaultTestContext.java:83)
          at java.util.stream.ReferencePipeline$3$1.accept(ReferencePipeline.java:193)
          at java.util.ArrayList$ArrayListSpliterator.forEachRemaining(ArrayList.java:1384)
          at java.util.stream.AbstractPipeline.copyInto(AbstractPipeline.java:482)
          at java.util.stream.AbstractPipeline.wrapAndCopyInto(AbstractPipeline.java:472)
          at java.util.stream.ReduceOps$ReduceOp.evaluateSequential(ReduceOps.java:708)
          at java.util.stream.AbstractPipeline.evaluate(AbstractPipeline.java:234)
          at java.util.stream.ReferencePipeline.collect(ReferencePipeline.java:566)
      when running class:
      package org.symphonyoss.integration.web.resource;
      @org.springframework.test.context.ContextConfiguration(classes = {org.symphonyoss.integration.web.resource.WebHookResource.class,org.symphonyoss.integration.web.resource.WebHookDispatcherResource.class})
      @org.junit.runner.RunWith(value = org.springframework.test.context.junit4.SpringRunner.class) // if JUnit 4
      @org.junit.jupiter.api.extension.ExtendWith(value = org.springframework.test.context.junit.jupiter.SpringExtension.class) // if JUnit 5
      public class DiffblueFakeClass5917 {
        @org.springframework.boot.test.mock.mockito.MockBean org.symphonyoss.integration.service.IntegrationBridge integrationBridge;
        @org.springframework.boot.test.mock.mockito.MockBean(name = "remoteIntegrationService") org.symphonyoss.integration.service.IntegrationService integrationService;
        @org.springframework.boot.test.mock.mockito.MockBean org.symphonyoss.integration.logging.LogMessageSource logMessageSource;
        @org.springframework.boot.test.mock.mockito.MockBean org.symphonyoss.integration.web.resource.WebHookResource webHookResource;
        @org.junit.Test // if JUnit 4
        @org.junit.jupiter.api.Test // if JUnit 5
        public void testSpringContextLoads() {}
      }
      To avoid this error, consider adding a custom base class to setup static
      mocking for org.springframework.boot.test.mock.mockito.MockitoPostProcessor.
      For details on how to set up a custom base class, please follow this link:
      https://docs.diffblue.com/features/cover-cli/writing-tests/custom-test-setup
      See https://diff.blue/R026 to resolve this issue.
      
INFO  
INFO  11 issues were found and displayed
INFO  Rerun with --prompts --limit 10 --skip 10 to focus on a subset of the issues
INFO  Rerun without --prompts to summarise all the issues
INFO  
INFO  Log file: /home/jbergqvist/diffblue/symphonyoss-App-Integrations-Core/.diffblue/log/user-20260122T132609.log
INFO  Finished in 3s
