INFO  Diffblue Cover 2026.01.01-SNAPSHOT-f2f2d79-local
INFO  
INFO  Command: create
INFO  Create tests for the specified package/class/method.
INFO  
INFO  Selected modules:
INFO  - org.symphonyoss.symphony.integrations:integration-core
INFO  
INFO  
INFO  [1/1] Creating tests for module: org.symphonyoss.symphony.integrations:integration-core
INFO  =======================================================================================
INFO  
INFO  Detecting environment:
INFO  ----------------------
INFO  Detected Java version 1.8.0_472
INFO  Selected build system: Maven
INFO  Selected classpath from build system maven
INFO  Selected test framework: JUnit
INFO  Selected Java language compliance level: 1.8, because 1.7 is not supported
INFO  Selected test validation: enabled
INFO  Prefixes for filtering classes/methods:
INFO  - com.gs.ti.wpt.lc.security.cryptolib
INFO  - com.symphony.security.cache
INFO  - com.symphony.security.clientsdk.entity
INFO  - com.symphony.security.clientsdk.search
INFO  - com.symphony.security.clientsdk.transport
INFO  - com.symphony.security.exceptions
INFO  - com.symphony.security.helper
INFO  - com.symphony.security.hsm
INFO  - com.symphony.security.model
INFO  - com.symphony.security.utils
INFO  - org.symphonyoss.integration.core
INFO  - org.symphonyoss.integration.core.authorization
INFO  - org.symphonyoss.integration.core.bootstrap
INFO  - org.symphonyoss.integration.core.bridge
INFO  - org.symphonyoss.integration.core.properties
INFO  - org.symphonyoss.integration.core.runnable
INFO  - org.symphonyoss.integration.core.service
INFO  Gathering methods to test...
WARN  E199: Libraries with limited support found
      Libraries are on the classpath that have only limited support by
      Diffblue Cover:
      - PowerMock 1.6.1
      For code that uses these libraries fewer or lower quality tests may be written.
INFO  Found 524 callable methods in 90 classes
INFO  
INFO  Creating tests:
INFO  ---------------
INFO   [1/90] com.gs.ti.wpt.lc.security.cryptolib.AES
INFO   [1/90]   Tests created: 22
INFO   [2/90] com.gs.ti.wpt.lc.security.cryptolib.BCrypt
INFO   [2/90]   Tests created: 4
INFO   [3/90] com.gs.ti.wpt.lc.security.cryptolib.Cert
INFO   [3/90]   Tests created: 56
INFO   [4/90] com.gs.ti.wpt.lc.security.cryptolib.Crl
INFO   [4/90]   Tests created: 16
INFO   [5/90] com.gs.ti.wpt.lc.security.cryptolib.Extensions
INFO   [5/90]   Tests created: 104
INFO   [6/90] com.gs.ti.wpt.lc.security.cryptolib.PBKDF
INFO   [6/90]   Tests created: 3
INFO   [7/90] com.gs.ti.wpt.lc.security.cryptolib.PrettyPrint
INFO   [7/90]   Tests created: 0
INFO   [8/90] com.gs.ti.wpt.lc.security.cryptolib.RSA
INFO   [8/90]   Tests created: 18
INFO   [9/90] com.gs.ti.wpt.lc.security.cryptolib.RevokedCert
INFO   [9/90]   Tests created: 8
INFO  [10/90] com.gs.ti.wpt.lc.security.cryptolib.SHA
INFO  [10/90]   Tests created: 1
INFO  [11/90] com.gs.ti.wpt.lc.security.cryptolib.SecureLocalPersistence
INFO  [11/90]   Tests created: 0
INFO  [12/90] com.gs.ti.wpt.lc.security.cryptolib.Utils
INFO  [12/90]   Tests created: 3
INFO  [13/90] com.gs.ti.wpt.lc.security.cryptolib.Version
INFO  [13/90]   Tests created: 0
INFO  [14/90] com.symphony.security.cache.InMemoryPersister
INFO  [14/90]   Tests created: 4
INFO  [15/90] com.symphony.security.cache.SecurePersister
INFO  [15/90]   Tests created: 5
INFO  [16/90] com.symphony.security.clientsdk.entity.EntityCiphertextTransportV2
INFO  [16/90]   Tests created: 14
INFO  [17/90] com.symphony.security.clientsdk.entity.EntityCryptoHandler
INFO  [17/90]   Tests created: 3
INFO  [18/90] com.symphony.security.clientsdk.entity.EntityCryptoHandlerV2
INFO  [18/90]   Tests created: 17
2026-01-22T16:32:39,419 ERROR [pool-7-thread-285]      CryptoHashUtils   - No key, or invalid key length on HMACxSHA256 
2026-01-22T16:32:39,472 ERROR [pool-7-thread-286]      CryptoHashUtils   - Failed to get HMACxSHA256 : 
java.lang.IllegalArgumentException: Empty key
	at javax.crypto.spec.SecretKeySpec.<init>(SecretKeySpec.java:99) ~[?:1.8.0_472]
	at com.symphony.security.utils.CryptoHashUtils.HMACxSHA256(CryptoHashUtils.java:115) ~[classes/:?]
	at com.symphony.security.clientsdk.search.ClientTokenizer_v2.hashHMAC256B64(ClientTokenizer_v2.java:95) ~[classes/:?]
	at com.symphony.security.clientsdk.search.ClientTokenizer_v2.getHashedTokens(ClientTokenizer_v2.java:77) ~[classes/:?]
	at com.symphony.security.clientsdk.search.ClientTokenizer_v2DiffblueTest2413492004566278336.testGetHashedTokens_whenEmptyArrayOfByte_thenReturnContainsNull(ClientTokenizer_v2DiffblueTest2413492004566278336.java:40) ~[test-classes3012214705580663557/:?]
	at sun.reflect.NativeMethodAccessorImpl.invoke0(Native Method) ~[?:1.8.0_472]
	at sun.reflect.NativeMethodAccessorImpl.invoke(NativeMethodAccessorImpl.java:62) ~[?:1.8.0_472]
	at sun.reflect.DelegatingMethodAccessorImpl.invoke(DelegatingMethodAccessorImpl.java:43) ~[?:1.8.0_472]
	at java.lang.reflect.Method.invoke(Method.java:498) ~[?:1.8.0_472]
	at org.junit.runners.model.FrameworkMethod$1.runReflectiveCall(FrameworkMethod.java:50) ~[junit-4.12.jar:4.12]
	at org.junit.internal.runners.model.ReflectiveCallable.run(ReflectiveCallable.java:12) ~[junit-4.12.jar:4.12]
	at org.junit.runners.model.FrameworkMethod.invokeExplosively(FrameworkMethod.java:47) ~[junit-4.12.jar:4.12]
	at org.junit.internal.runners.statements.InvokeMethod.evaluate(InvokeMethod.java:17) ~[junit-4.12.jar:4.12]
	at org.junit.runners.ParentRunner.runLeaf(ParentRunner.java:325) ~[junit-4.12.jar:4.12]
	at org.junit.runners.BlockJUnit4ClassRunner.runChild(BlockJUnit4ClassRunner.java:78) ~[junit-4.12.jar:4.12]
	at org.junit.runners.BlockJUnit4ClassRunner.runChild(BlockJUnit4ClassRunner.java:57) ~[junit-4.12.jar:4.12]
	at org.junit.runners.ParentRunner$3.run(ParentRunner.java:290) ~[junit-4.12.jar:4.12]
	at org.junit.runners.ParentRunner$1.schedule(ParentRunner.java:71) ~[junit-4.12.jar:4.12]
	at org.junit.runners.ParentRunner.runChildren(ParentRunner.java:288) ~[junit-4.12.jar:4.12]
	at org.junit.runners.ParentRunner.access$000(ParentRunner.java:58) ~[junit-4.12.jar:4.12]
	at org.junit.runners.ParentRunner$2.evaluate(ParentRunner.java:268) ~[junit-4.12.jar:4.12]
	at org.junit.runners.ParentRunner.run(ParentRunner.java:363) ~[junit-4.12.jar:4.12]
	at org.junit.runner.JUnitCore.run(JUnitCore.java:137) ~[junit-4.12.jar:4.12]
	at org.junit.runner.JUnitCore.run(JUnitCore.java:115) ~[junit-4.12.jar:4.12]
	at com.diffblue.junit4.isolation.IJunitCoreImpl.run(IJunitCoreImpl.java:35) ~[?:?]
	at com.diffblue.cover.test.runners.JUnit4.run(JUnit4.java:54) ~[?:?]
	at com.diffblue.cover.api.verifier.TestVerificationEnvironment.lambda$run$1(TestVerificationEnvironment.java:83) ~[?:?]
	at java.util.concurrent.CompletableFuture$AsyncSupply.run(CompletableFuture.java:1604) ~[?:1.8.0_472]
	at java.util.concurrent.ThreadPoolExecutor.runWorker(ThreadPoolExecutor.java:1149) [?:1.8.0_472]
	at java.util.concurrent.ThreadPoolExecutor$Worker.run(ThreadPoolExecutor.java:624) [?:1.8.0_472]
	at java.lang.Thread.run(Thread.java:750) [?:1.8.0_472]
2026-01-22T16:32:43,731 ERROR [pool-7-thread-292]      CryptoHashUtils   - No key, or invalid key length on HMACxSHA256 
2026-01-22T16:32:43,818 ERROR [pool-7-thread-293]      CryptoHashUtils   - Failed to get HMACxSHA256 : 
java.lang.IllegalArgumentException: Empty key
	at javax.crypto.spec.SecretKeySpec.<init>(SecretKeySpec.java:99) ~[?:1.8.0_472]
	at com.symphony.security.utils.CryptoHashUtils.HMACxSHA256(CryptoHashUtils.java:115) ~[classes/:?]
	at com.symphony.security.clientsdk.search.ClientTokenizer_v2.hashHMAC256B64(ClientTokenizer_v2.java:95) ~[classes/:?]
	at com.symphony.security.clientsdk.search.ClientTokenizer_v2DiffblueTest3430209873609494896.testHashHMAC256B64_whenEmptyArrayOfByte_thenReturnNull(ClientTokenizer_v2DiffblueTest3430209873609494896.java:30) ~[test-classes3012214705580663557/:?]
	at sun.reflect.NativeMethodAccessorImpl.invoke0(Native Method) ~[?:1.8.0_472]
	at sun.reflect.NativeMethodAccessorImpl.invoke(NativeMethodAccessorImpl.java:62) ~[?:1.8.0_472]
	at sun.reflect.DelegatingMethodAccessorImpl.invoke(DelegatingMethodAccessorImpl.java:43) ~[?:1.8.0_472]
	at java.lang.reflect.Method.invoke(Method.java:498) ~[?:1.8.0_472]
	at org.junit.runners.model.FrameworkMethod$1.runReflectiveCall(FrameworkMethod.java:50) ~[junit-4.12.jar:4.12]
	at org.junit.internal.runners.model.ReflectiveCallable.run(ReflectiveCallable.java:12) ~[junit-4.12.jar:4.12]
	at org.junit.runners.model.FrameworkMethod.invokeExplosively(FrameworkMethod.java:47) ~[junit-4.12.jar:4.12]
	at org.junit.internal.runners.statements.InvokeMethod.evaluate(InvokeMethod.java:17) ~[junit-4.12.jar:4.12]
	at org.junit.runners.ParentRunner.runLeaf(ParentRunner.java:325) ~[junit-4.12.jar:4.12]
	at org.junit.runners.BlockJUnit4ClassRunner.runChild(BlockJUnit4ClassRunner.java:78) ~[junit-4.12.jar:4.12]
	at org.junit.runners.BlockJUnit4ClassRunner.runChild(BlockJUnit4ClassRunner.java:57) ~[junit-4.12.jar:4.12]
	at org.junit.runners.ParentRunner$3.run(ParentRunner.java:290) ~[junit-4.12.jar:4.12]
	at org.junit.runners.ParentRunner$1.schedule(ParentRunner.java:71) ~[junit-4.12.jar:4.12]
	at org.junit.runners.ParentRunner.runChildren(ParentRunner.java:288) ~[junit-4.12.jar:4.12]
	at org.junit.runners.ParentRunner.access$000(ParentRunner.java:58) ~[junit-4.12.jar:4.12]
	at org.junit.runners.ParentRunner$2.evaluate(ParentRunner.java:268) ~[junit-4.12.jar:4.12]
	at org.junit.runners.ParentRunner.run(ParentRunner.java:363) ~[junit-4.12.jar:4.12]
	at org.junit.runner.JUnitCore.run(JUnitCore.java:137) ~[junit-4.12.jar:4.12]
	at org.junit.runner.JUnitCore.run(JUnitCore.java:115) ~[junit-4.12.jar:4.12]
	at com.diffblue.junit4.isolation.IJunitCoreImpl.run(IJunitCoreImpl.java:35) ~[?:?]
	at com.diffblue.cover.test.runners.JUnit4.run(JUnit4.java:54) ~[?:?]
	at com.diffblue.cover.api.verifier.TestVerificationEnvironment.lambda$run$1(TestVerificationEnvironment.java:83) ~[?:?]
	at java.util.concurrent.CompletableFuture$AsyncSupply.run(CompletableFuture.java:1604) ~[?:1.8.0_472]
	at java.util.concurrent.ThreadPoolExecutor.runWorker(ThreadPoolExecutor.java:1149) [?:1.8.0_472]
	at java.util.concurrent.ThreadPoolExecutor$Worker.run(ThreadPoolExecutor.java:624) [?:1.8.0_472]
	at java.lang.Thread.run(Thread.java:750) [?:1.8.0_472]
INFO  [19/90] com.symphony.security.clientsdk.search.ClientTokenizer_v2
INFO  [19/90]   Tests created: 22
2026-01-22T16:32:51,858 ERROR [pool-7-thread-301]    CiphertextFactory   - Version 65 of CiphertextTransport is not supported. transportableBytes = QVhBWEFYQVg=

2026-01-22T16:32:51,988 ERROR [pool-7-thread-304]    CiphertextFactory   - Version 65 of CiphertextTransport is not supported. transportableBytes = QQhBCEEIQQhBCEEIQQhBCA==

2026-01-22T16:32:52,033 ERROR [pool-7-thread-305]    CiphertextFactory   - Version 65 of CiphertextTransport is not supported. transportableBytes = QQhBCEEIQQhBCEEIQQhBCEEIQQhBCEEI

2026-01-22T16:32:52,093 ERROR [pool-7-thread-306]    CiphertextFactory   - Version -1 of CiphertextTransport is not supported. transportableBytes = /1hBWEFYQVg=

INFO  [20/90] com.symphony.security.clientsdk.transport.CiphertextFactory
INFO  [20/90]   Tests created: 6
INFO  [21/90] com.symphony.security.clientsdk.transport.CiphertextTransportEncryptionMode
INFO  [21/90]   Tests created: 0
INFO  [22/90] com.symphony.security.clientsdk.transport.CiphertextTransportV1
INFO  [22/90]   Tests created: 15
INFO  [23/90] com.symphony.security.clientsdk.transport.CiphertextTransportV2
INFO  [23/90]   Tests created: 13
INFO  [24/90] com.symphony.security.clientsdk.transport.CiphertextTransportV3
INFO  [24/90]   Tests created: 9
INFO  [25/90] com.symphony.security.clientsdk.transport.OnTheWireFormat
INFO  [25/90]   Tests created: 11
INFO  [26/90] com.symphony.security.exceptions.CertificateAuthorityException
INFO  [26/90]   Tests created: 1
INFO  [27/90] com.symphony.security.exceptions.CiphertextTransportIsEmptyException
INFO  [27/90]   Tests created: 1
INFO  [28/90] com.symphony.security.exceptions.CiphertextTransportVersionException
INFO  [28/90]   Tests created: 1
INFO  [29/90] com.symphony.security.exceptions.ClientCertException
INFO  [29/90]   Tests created: 0
INFO  [30/90] com.symphony.security.exceptions.InvalidDataException
INFO  [30/90]   Tests created: 0
INFO  [31/90] com.symphony.security.exceptions.KeyInfoNotFoundException
INFO  [31/90]   Tests created: 1
INFO  [32/90] com.symphony.security.exceptions.KeyManagerException
INFO  [32/90]   Tests created: 1
INFO  [33/90] com.symphony.security.exceptions.KeyNotFoundException
INFO  [33/90]   Tests created: 1
INFO  [34/90] com.symphony.security.exceptions.KeyRotationException
INFO  [34/90]   Tests created: 1
INFO  [35/90] com.symphony.security.exceptions.KeyStoreException
INFO  [35/90]   Tests created: 0
INFO  [36/90] com.symphony.security.exceptions.OnTheWireFormatException
INFO  [36/90]   Tests created: 1
INFO  [37/90] com.symphony.security.exceptions.SymphonyComputedKeyIdAndExpectedKeyIdMistmatchException
INFO  [37/90]   Tests created: 6
INFO  [38/90] com.symphony.security.exceptions.SymphonyEncryptionException
INFO  [38/90]   Tests created: 0
INFO  [39/90] com.symphony.security.exceptions.SymphonyExtensionException
INFO  [39/90]   Tests created: 1
INFO  [40/90] com.symphony.security.exceptions.SymphonyHSMException
INFO  [40/90]   Tests created: 0
INFO  [41/90] com.symphony.security.exceptions.SymphonyInputException
INFO  [41/90]   Tests created: 0
INFO  [42/90] com.symphony.security.exceptions.SymphonyNativeException
INFO  [42/90]   Tests created: 0
INFO  [43/90] com.symphony.security.exceptions.SymphonyPEMFormatException
INFO  [43/90]   Tests created: 0
INFO  [44/90] com.symphony.security.exceptions.SymphonyRevokedCertException
INFO  [44/90]   Tests created: 1
INFO  [45/90] com.symphony.security.exceptions.SymphonySignatureException
INFO  [45/90]   Tests created: 0
INFO  [46/90] com.symphony.security.exceptions.UnsupportedKeyDerivationAlgorithmException
INFO  [46/90]   Tests created: 1
INFO  [47/90] com.symphony.security.exceptions.UserSignatureException
INFO  [47/90]   Tests created: 1
2026-01-22T16:34:34,512 ERROR [pool-7-thread-375]  ClientCryptoHandler   - Invalid plaintext length of 8 in plaintext to encrypt CBC in unpadded format
INFO  [48/90] com.symphony.security.helper.CDecryptionHelper
INFO  [48/90]   Tests created: 3
2026-01-22T16:34:58,170 ERROR [pool-7-thread-376]  ClientCryptoHandler   - unable to encrypt with unsupported encryption mode of 65
2026-01-22T16:34:58,216 ERROR [pool-7-thread-377]  ClientCryptoHandler   - Invalid plaintext length of 8 in plaintext to encrypt CBC in unpadded format
INFO  [49/90] com.symphony.security.helper.ClientCryptoHandler
INFO  [49/90]   Tests created: 2
INFO  [50/90] com.symphony.security.helper.KeyIdentifier
INFO  [50/90]   Tests created: 9
INFO  [51/90] com.symphony.security.hsm.TransportableWrappedKey
INFO  [51/90]   Tests created: 7
INFO  [52/90] com.symphony.security.model.CertStatus
INFO  [52/90]   Tests created: 2
INFO  [53/90] com.symphony.security.model.ClientCert
INFO  [53/90]   Tests created: 4
INFO  [54/90] com.symphony.security.model.ClientCertInfo
INFO  [54/90]   Tests created: 2
INFO  [55/90] com.symphony.security.model.RotationIdInfoList
INFO  [55/90]   Tests created: 1
INFO  [56/90] com.symphony.security.model.ThreadRotationIdInfo
INFO  [56/90]   Tests created: 1
INFO  [57/90] com.symphony.security.utils.Bytes
INFO  [57/90]   Tests created: 217
INFO  [58/90] com.symphony.security.utils.Bytes$LexicographicalComparerHolder
INFO  [58/90]   Tests created: 0
INFO  [59/90] com.symphony.security.utils.Bytes$LexicographicalComparerHolder$PureJavaComparer
INFO  [59/90]   Tests created: 3
INFO  [60/90] com.symphony.security.utils.Bytes$LexicographicalComparerHolder$UnsafeComparer
INFO  [60/90]   Tests created: 0
INFO  [61/90] com.symphony.security.utils.Converter
INFO  [61/90]   Tests created: 24
2026-01-22T16:39:30,704 ERROR [pool-7-thread-650]      CryptoHashUtils   - No key, or invalid key length on HMACxSHA256 
2026-01-22T16:39:30,722 ERROR [pool-7-thread-651]      CryptoHashUtils   - Failed to get HMACxSHA256 : 
java.lang.IllegalArgumentException: Empty key
	at javax.crypto.spec.SecretKeySpec.<init>(SecretKeySpec.java:99) ~[?:1.8.0_472]
	at com.symphony.security.utils.CryptoHashUtils.HMACxSHA256(CryptoHashUtils.java:115) ~[classes/:?]
	at com.symphony.security.utils.CryptoHashUtilsDiffblueTest877564700789132659.testHMACxSHA256_whenEmptyArrayOfByte_thenReturnNull(CryptoHashUtilsDiffblueTest877564700789132659.java:27) ~[test-classes3012214705580663557/:?]
	at sun.reflect.NativeMethodAccessorImpl.invoke0(Native Method) ~[?:1.8.0_472]
	at sun.reflect.NativeMethodAccessorImpl.invoke(NativeMethodAccessorImpl.java:62) ~[?:1.8.0_472]
	at sun.reflect.DelegatingMethodAccessorImpl.invoke(DelegatingMethodAccessorImpl.java:43) ~[?:1.8.0_472]
	at java.lang.reflect.Method.invoke(Method.java:498) ~[?:1.8.0_472]
	at org.junit.runners.model.FrameworkMethod$1.runReflectiveCall(FrameworkMethod.java:50) ~[junit-4.12.jar:4.12]
	at org.junit.internal.runners.model.ReflectiveCallable.run(ReflectiveCallable.java:12) ~[junit-4.12.jar:4.12]
	at org.junit.runners.model.FrameworkMethod.invokeExplosively(FrameworkMethod.java:47) ~[junit-4.12.jar:4.12]
	at org.junit.internal.runners.statements.InvokeMethod.evaluate(InvokeMethod.java:17) ~[junit-4.12.jar:4.12]
	at org.junit.runners.ParentRunner.runLeaf(ParentRunner.java:325) ~[junit-4.12.jar:4.12]
	at org.junit.runners.BlockJUnit4ClassRunner.runChild(BlockJUnit4ClassRunner.java:78) ~[junit-4.12.jar:4.12]
	at org.junit.runners.BlockJUnit4ClassRunner.runChild(BlockJUnit4ClassRunner.java:57) ~[junit-4.12.jar:4.12]
	at org.junit.runners.ParentRunner$3.run(ParentRunner.java:290) ~[junit-4.12.jar:4.12]
	at org.junit.runners.ParentRunner$1.schedule(ParentRunner.java:71) ~[junit-4.12.jar:4.12]
	at org.junit.runners.ParentRunner.runChildren(ParentRunner.java:288) ~[junit-4.12.jar:4.12]
	at org.junit.runners.ParentRunner.access$000(ParentRunner.java:58) ~[junit-4.12.jar:4.12]
	at org.junit.runners.ParentRunner$2.evaluate(ParentRunner.java:268) ~[junit-4.12.jar:4.12]
	at org.junit.runners.ParentRunner.run(ParentRunner.java:363) ~[junit-4.12.jar:4.12]
	at org.junit.runner.JUnitCore.run(JUnitCore.java:137) ~[junit-4.12.jar:4.12]
	at org.junit.runner.JUnitCore.run(JUnitCore.java:115) ~[junit-4.12.jar:4.12]
	at com.diffblue.junit4.isolation.IJunitCoreImpl.run(IJunitCoreImpl.java:35) ~[?:?]
	at com.diffblue.cover.test.runners.JUnit4.run(JUnit4.java:54) ~[?:?]
	at com.diffblue.cover.api.verifier.TestVerificationEnvironment.lambda$run$1(TestVerificationEnvironment.java:83) ~[?:?]
	at java.util.concurrent.CompletableFuture$AsyncSupply.run(CompletableFuture.java:1604) ~[?:1.8.0_472]
	at java.util.concurrent.ThreadPoolExecutor.runWorker(ThreadPoolExecutor.java:1149) [?:1.8.0_472]
	at java.util.concurrent.ThreadPoolExecutor$Worker.run(ThreadPoolExecutor.java:624) [?:1.8.0_472]
	at java.lang.Thread.run(Thread.java:750) [?:1.8.0_472]
2026-01-22T16:39:34,720 ERROR [pool-7-thread-657]      CryptoHashUtils   - No key, or invalid key length on HMACxSHA256 
2026-01-22T16:39:34,742 ERROR [pool-7-thread-658]      CryptoHashUtils   - Failed to get HMACxSHA256 : 
java.lang.IllegalArgumentException: Empty key
	at javax.crypto.spec.SecretKeySpec.<init>(SecretKeySpec.java:99) ~[?:1.8.0_472]
	at com.symphony.security.utils.CryptoHashUtils.HMACxSHA256(CryptoHashUtils.java:115) ~[classes/:?]
	at com.symphony.security.utils.CryptoHashUtils.hmacSha256digest(CryptoHashUtils.java:86) ~[classes/:?]
	at com.symphony.security.utils.CryptoHashUtilsDiffblueTest4356012517337938347.testHmacSha256digest_whenEmptyArrayOfByte_thenReturnNull(CryptoHashUtilsDiffblueTest4356012517337938347.java:29) ~[test-classes3012214705580663557/:?]
	at sun.reflect.NativeMethodAccessorImpl.invoke0(Native Method) ~[?:1.8.0_472]
	at sun.reflect.NativeMethodAccessorImpl.invoke(NativeMethodAccessorImpl.java:62) ~[?:1.8.0_472]
	at sun.reflect.DelegatingMethodAccessorImpl.invoke(DelegatingMethodAccessorImpl.java:43) ~[?:1.8.0_472]
	at java.lang.reflect.Method.invoke(Method.java:498) ~[?:1.8.0_472]
	at org.junit.runners.model.FrameworkMethod$1.runReflectiveCall(FrameworkMethod.java:50) ~[junit-4.12.jar:4.12]
	at org.junit.internal.runners.model.ReflectiveCallable.run(ReflectiveCallable.java:12) ~[junit-4.12.jar:4.12]
	at org.junit.runners.model.FrameworkMethod.invokeExplosively(FrameworkMethod.java:47) ~[junit-4.12.jar:4.12]
	at org.junit.internal.runners.statements.InvokeMethod.evaluate(InvokeMethod.java:17) ~[junit-4.12.jar:4.12]
	at org.junit.runners.ParentRunner.runLeaf(ParentRunner.java:325) ~[junit-4.12.jar:4.12]
	at org.junit.runners.BlockJUnit4ClassRunner.runChild(BlockJUnit4ClassRunner.java:78) ~[junit-4.12.jar:4.12]
	at org.junit.runners.BlockJUnit4ClassRunner.runChild(BlockJUnit4ClassRunner.java:57) ~[junit-4.12.jar:4.12]
	at org.junit.runners.ParentRunner$3.run(ParentRunner.java:290) ~[junit-4.12.jar:4.12]
	at org.junit.runners.ParentRunner$1.schedule(ParentRunner.java:71) ~[junit-4.12.jar:4.12]
	at org.junit.runners.ParentRunner.runChildren(ParentRunner.java:288) ~[junit-4.12.jar:4.12]
	at org.junit.runners.ParentRunner.access$000(ParentRunner.java:58) ~[junit-4.12.jar:4.12]
	at org.junit.runners.ParentRunner$2.evaluate(ParentRunner.java:268) ~[junit-4.12.jar:4.12]
	at org.junit.runners.ParentRunner.run(ParentRunner.java:363) ~[junit-4.12.jar:4.12]
	at org.junit.runner.JUnitCore.run(JUnitCore.java:137) ~[junit-4.12.jar:4.12]
	at org.junit.runner.JUnitCore.run(JUnitCore.java:115) ~[junit-4.12.jar:4.12]
	at com.diffblue.junit4.isolation.IJunitCoreImpl.run(IJunitCoreImpl.java:35) ~[?:?]
	at com.diffblue.cover.test.runners.JUnit4.run(JUnit4.java:54) ~[?:?]
	at com.diffblue.cover.api.verifier.TestVerificationEnvironment.lambda$run$1(TestVerificationEnvironment.java:83) ~[?:?]
	at java.util.concurrent.CompletableFuture$AsyncSupply.run(CompletableFuture.java:1604) ~[?:1.8.0_472]
	at java.util.concurrent.ThreadPoolExecutor.runWorker(ThreadPoolExecutor.java:1149) [?:1.8.0_472]
	at java.util.concurrent.ThreadPoolExecutor$Worker.run(ThreadPoolExecutor.java:624) [?:1.8.0_472]
	at java.lang.Thread.run(Thread.java:750) [?:1.8.0_472]
2026-01-22T16:39:35,431 ERROR [pool-7-thread-660]      CryptoHashUtils   - No key, or invalid key length on HMACxSHA256 
2026-01-22T16:39:35,498 ERROR [pool-7-thread-663]      CryptoHashUtils   - Failed to get HMACxSHA256 : 
java.lang.IllegalArgumentException: Empty key
	at javax.crypto.spec.SecretKeySpec.<init>(SecretKeySpec.java:99) ~[?:1.8.0_472]
	at com.symphony.security.utils.CryptoHashUtils.HMACxSHA256(CryptoHashUtils.java:115) ~[classes/:?]
	at com.symphony.security.utils.CryptoHashUtils.keyFingerprint(CryptoHashUtils.java:94) ~[classes/:?]
	at com.symphony.security.utils.CryptoHashUtilsDiffblueTest5051743719803659584.testKeyFingerprintWithString_whenEmptyString_thenReturnFingerprintFailed(CryptoHashUtilsDiffblueTest5051743719803659584.java:24) ~[test-classes3012214705580663557/:?]
	at sun.reflect.NativeMethodAccessorImpl.invoke0(Native Method) ~[?:1.8.0_472]
	at sun.reflect.NativeMethodAccessorImpl.invoke(NativeMethodAccessorImpl.java:62) ~[?:1.8.0_472]
	at sun.reflect.DelegatingMethodAccessorImpl.invoke(DelegatingMethodAccessorImpl.java:43) ~[?:1.8.0_472]
	at java.lang.reflect.Method.invoke(Method.java:498) ~[?:1.8.0_472]
	at org.junit.runners.model.FrameworkMethod$1.runReflectiveCall(FrameworkMethod.java:50) ~[junit-4.12.jar:4.12]
	at org.junit.internal.runners.model.ReflectiveCallable.run(ReflectiveCallable.java:12) ~[junit-4.12.jar:4.12]
	at org.junit.runners.model.FrameworkMethod.invokeExplosively(FrameworkMethod.java:47) ~[junit-4.12.jar:4.12]
	at org.junit.internal.runners.statements.InvokeMethod.evaluate(InvokeMethod.java:17) ~[junit-4.12.jar:4.12]
	at org.junit.runners.ParentRunner.runLeaf(ParentRunner.java:325) ~[junit-4.12.jar:4.12]
	at org.junit.runners.BlockJUnit4ClassRunner.runChild(BlockJUnit4ClassRunner.java:78) ~[junit-4.12.jar:4.12]
	at org.junit.runners.BlockJUnit4ClassRunner.runChild(BlockJUnit4ClassRunner.java:57) ~[junit-4.12.jar:4.12]
	at org.junit.runners.ParentRunner$3.run(ParentRunner.java:290) ~[junit-4.12.jar:4.12]
	at org.junit.runners.ParentRunner$1.schedule(ParentRunner.java:71) ~[junit-4.12.jar:4.12]
	at org.junit.runners.ParentRunner.runChildren(ParentRunner.java:288) ~[junit-4.12.jar:4.12]
	at org.junit.runners.ParentRunner.access$000(ParentRunner.java:58) ~[junit-4.12.jar:4.12]
	at org.junit.runners.ParentRunner$2.evaluate(ParentRunner.java:268) ~[junit-4.12.jar:4.12]
	at org.junit.runners.ParentRunner.run(ParentRunner.java:363) ~[junit-4.12.jar:4.12]
	at org.junit.runner.JUnitCore.run(JUnitCore.java:137) ~[junit-4.12.jar:4.12]
	at org.junit.runner.JUnitCore.run(JUnitCore.java:115) ~[junit-4.12.jar:4.12]
	at com.diffblue.junit4.isolation.IJunitCoreImpl.run(IJunitCoreImpl.java:35) ~[?:?]
	at com.diffblue.cover.test.runners.JUnit4.run(JUnit4.java:54) ~[?:?]
	at com.diffblue.cover.api.verifier.TestVerificationEnvironment.lambda$run$1(TestVerificationEnvironment.java:83) ~[?:?]
	at java.util.concurrent.CompletableFuture$AsyncSupply.run(CompletableFuture.java:1604) ~[?:1.8.0_472]
	at java.util.concurrent.ThreadPoolExecutor.runWorker(ThreadPoolExecutor.java:1149) [?:1.8.0_472]
	at java.util.concurrent.ThreadPoolExecutor$Worker.run(ThreadPoolExecutor.java:624) [?:1.8.0_472]
	at java.lang.Thread.run(Thread.java:750) [?:1.8.0_472]
2026-01-22T16:39:36,486 ERROR [pool-7-thread-667]      CryptoHashUtils   - No key, or invalid key length on HMACxSHA256 
2026-01-22T16:39:36,511 ERROR [pool-7-thread-668]      CryptoHashUtils   - Failed to get HMACxSHA256 : 
java.lang.IllegalArgumentException: Empty key
	at javax.crypto.spec.SecretKeySpec.<init>(SecretKeySpec.java:99) ~[?:1.8.0_472]
	at com.symphony.security.utils.CryptoHashUtils.HMACxSHA256(CryptoHashUtils.java:115) ~[classes/:?]
	at com.symphony.security.utils.CryptoHashUtils.keyFingerprint(CryptoHashUtils.java:94) ~[classes/:?]
	at com.symphony.security.utils.CryptoHashUtils.keyFingerprint(CryptoHashUtils.java:90) ~[classes/:?]
	at com.symphony.security.utils.CryptoHashUtilsDiffblueTest2439576539032281283.testKeyFingerprintWithByte_whenEmptyArrayOfByte(CryptoHashUtilsDiffblueTest2439576539032281283.java:25) ~[test-classes3012214705580663557/:?]
	at sun.reflect.NativeMethodAccessorImpl.invoke0(Native Method) ~[?:1.8.0_472]
	at sun.reflect.NativeMethodAccessorImpl.invoke(NativeMethodAccessorImpl.java:62) ~[?:1.8.0_472]
	at sun.reflect.DelegatingMethodAccessorImpl.invoke(DelegatingMethodAccessorImpl.java:43) ~[?:1.8.0_472]
	at java.lang.reflect.Method.invoke(Method.java:498) ~[?:1.8.0_472]
	at org.junit.runners.model.FrameworkMethod$1.runReflectiveCall(FrameworkMethod.java:50) ~[junit-4.12.jar:4.12]
	at org.junit.internal.runners.model.ReflectiveCallable.run(ReflectiveCallable.java:12) ~[junit-4.12.jar:4.12]
	at org.junit.runners.model.FrameworkMethod.invokeExplosively(FrameworkMethod.java:47) ~[junit-4.12.jar:4.12]
	at org.junit.internal.runners.statements.InvokeMethod.evaluate(InvokeMethod.java:17) ~[junit-4.12.jar:4.12]
	at org.junit.runners.ParentRunner.runLeaf(ParentRunner.java:325) ~[junit-4.12.jar:4.12]
	at org.junit.runners.BlockJUnit4ClassRunner.runChild(BlockJUnit4ClassRunner.java:78) ~[junit-4.12.jar:4.12]
	at org.junit.runners.BlockJUnit4ClassRunner.runChild(BlockJUnit4ClassRunner.java:57) ~[junit-4.12.jar:4.12]
	at org.junit.runners.ParentRunner$3.run(ParentRunner.java:290) ~[junit-4.12.jar:4.12]
	at org.junit.runners.ParentRunner$1.schedule(ParentRunner.java:71) ~[junit-4.12.jar:4.12]
	at org.junit.runners.ParentRunner.runChildren(ParentRunner.java:288) ~[junit-4.12.jar:4.12]
	at org.junit.runners.ParentRunner.access$000(ParentRunner.java:58) ~[junit-4.12.jar:4.12]
	at org.junit.runners.ParentRunner$2.evaluate(ParentRunner.java:268) ~[junit-4.12.jar:4.12]
	at org.junit.runners.ParentRunner.run(ParentRunner.java:363) ~[junit-4.12.jar:4.12]
	at org.junit.runner.JUnitCore.run(JUnitCore.java:137) ~[junit-4.12.jar:4.12]
	at org.junit.runner.JUnitCore.run(JUnitCore.java:115) ~[junit-4.12.jar:4.12]
	at com.diffblue.junit4.isolation.IJunitCoreImpl.run(IJunitCoreImpl.java:35) ~[?:?]
	at com.diffblue.cover.test.runners.JUnit4.run(JUnit4.java:54) ~[?:?]
	at com.diffblue.cover.api.verifier.TestVerificationEnvironment.lambda$run$1(TestVerificationEnvironment.java:83) ~[?:?]
	at java.util.concurrent.CompletableFuture$AsyncSupply.run(CompletableFuture.java:1604) ~[?:1.8.0_472]
	at java.util.concurrent.ThreadPoolExecutor.runWorker(ThreadPoolExecutor.java:1149) [?:1.8.0_472]
	at java.util.concurrent.ThreadPoolExecutor$Worker.run(ThreadPoolExecutor.java:624) [?:1.8.0_472]
	at java.lang.Thread.run(Thread.java:750) [?:1.8.0_472]
INFO  [62/90] com.symphony.security.utils.CryptoHashUtils
INFO  [62/90]   Tests created: 24
INFO  [63/90] com.symphony.security.utils.DynamicLibraryLoader
INFO  [63/90]   Tests created: 0
INFO  [64/90] com.symphony.security.utils.PasswordBasedEncryption
INFO  [64/90]   Tests created: 11
INFO  [65/90] com.symphony.security.utils.PropertyDecrypter
INFO  [65/90]   Tests created: 11
INFO  [66/90] com.symphony.security.utils.PropertyDecrypter$ConsoleUserInput
INFO  [66/90]   Tests created: 1
INFO  [67/90] com.symphony.security.utils.SecurityKeyUtils
INFO  [67/90]   Tests created: 113
INFO  [68/90] com.symphony.security.utils.Validate
INFO  [68/90]   Tests created: 4
2026-01-22T16:41:29,019 ERROR [pool-7-thread-824]      NullIntegration   - 
Component: Integration Bootstrap
Message: Certificate folder not found
Solutions: 
No solution has been cataloged for troubleshooting this problem.

2026-01-22T16:41:29,139 ERROR [pool-7-thread-825]      NullIntegration   - 
Component: Integration Bootstrap
Message: Certificate folder not found
Solutions: 
No solution has been cataloged for troubleshooting this problem.

2026-01-22T16:41:29,248 ERROR [pool-7-thread-826]      NullIntegration   - 
Component: Integration Bootstrap
Message: Certificate folder not found
Solutions: 
No solution has been cataloged for troubleshooting this problem.

2026-01-22T16:41:29,350 ERROR [pool-7-thread-827]      NullIntegration   - 
Component: Integration Bootstrap
Message: Fail to retrieve the user keystore password. Application: validString
Solutions: 
No solution has been cataloged for troubleshooting this problem.

INFO  [69/90] org.symphonyoss.integration.core.NullIntegration
INFO  [69/90]   Tests created: 21
INFO  [70/90] org.symphonyoss.integration.core.authorization.AuthorizationRepositoryServiceImpl
INFO  [70/90]   Tests created: 6
INFO  [71/90] org.symphonyoss.integration.core.authorization.LocalAuthorizationRepoServiceCondition
INFO  [71/90]   Tests created: 1
INFO  [72/90] org.symphonyoss.integration.core.authorization.LocalAuthorizationRepositoryService
INFO  [72/90]   Tests created: 2
INFO  [73/90] org.symphonyoss.integration.core.authorization.RemoteAuthorizationRepoServiceCondition
INFO  [73/90]   Tests created: 1
INFO  [74/90] org.symphonyoss.integration.core.bootstrap.IntegrationBootstrapContext
INFO  [74/90]   Tests created: 1
INFO  [75/90] org.symphonyoss.integration.core.bootstrap.IntegrationBootstrapInfo
INFO  [75/90]   Tests created: 2
INFO  [76/90] org.symphonyoss.integration.core.bootstrap.IntegrationLogging
INFO  [76/90]   Tests created: 2
INFO  [77/90] org.symphonyoss.integration.core.bootstrap.NamedThreadFactory
INFO  [77/90]   Tests created: 1
INFO  [78/90] org.symphonyoss.integration.core.bridge.IntegrationBridgeExceptionHandler
INFO  [78/90]   Tests created: 0
INFO  [79/90] org.symphonyoss.integration.core.bridge.IntegrationBridgeImpl
INFO  [79/90]   Tests created: 4
INFO  [80/90] org.symphonyoss.integration.core.bridge.StreamServiceImpl
INFO  [80/90]   Tests created: 0
INFO  [81/90] org.symphonyoss.integration.core.properties.IntegrationBootstrapContextProperties
INFO  [81/90]   Tests created: 0
INFO  [82/90] org.symphonyoss.integration.core.properties.IntegrationBridgeExceptionHandlerProperties
INFO  [82/90]   Tests created: 0
INFO  [83/90] org.symphonyoss.integration.core.properties.IntegrationBridgeImplProperties
INFO  [83/90]   Tests created: 0
INFO  [84/90] org.symphonyoss.integration.core.properties.IntegrationLoggingProperties
INFO  [84/90]   Tests created: 0
INFO  [85/90] org.symphonyoss.integration.core.properties.NullIntegrationProperties
INFO  [85/90]   Tests created: 0
INFO  [86/90] org.symphonyoss.integration.core.properties.StreamServiceImplProperties
INFO  [86/90]   Tests created: 0
INFO  [87/90] org.symphonyoss.integration.core.properties.UserProperties
INFO  [87/90]   Tests created: 0
INFO  [88/90] org.symphonyoss.integration.core.runnable.IntegrationAbstractRunnable
INFO  [88/90]   Tests created: 0
INFO  [89/90] org.symphonyoss.integration.core.service.CryptoServiceImpl
INFO  [89/90]   Tests created: 9
INFO  [90/90] org.symphonyoss.integration.core.service.UserServiceImpl
INFO  [90/90]   Tests created: 12
INFO  
INFO  Test creation summary for module: org.symphonyoss.symphony.integrations:integration-core
INFO  ----------------------------------------------------------------------------------------
INFO  Total:                                             524 methods
INFO  873 tests created for:                             339 methods
INFO  
INFO  Tested indirectly via other methods:                27 methods
INFO     27 T005: Trivial constructor
INFO  Not unit-testable:                                   1 method
INFO      1 T009: No implementation for abstract class
INFO  No tests created for:                              153 methods
INFO     66 R081: Exception in arrange section
INFO     38 R013: No inputs found that don't throw a trivial exception
INFO      8 R020: Temporary files were created but not deleted
INFO      7 R002: Missing observers
INFO      4 R011: Sandboxing policy violation
INFO      2 R027: Missing beans when creating Spring context
INFO      1 R031: Method may be time-sensitive
INFO  
INFO  Running validation command.
INFO  This can take a couple of minutes.
INFO  Trying to restore test source file /home/jbergqvist/diffblue/symphonyoss-App-Integrations-Core/integration-core/src/test/java/com/gs/ti/wpt/lc/security/cryptolib/ExtensionsDiffblueTest.java
INFO  Successfully restored test source file /home/jbergqvist/diffblue/symphonyoss-App-Integrations-Core/integration-core/src/test/java/com/gs/ti/wpt/lc/security/cryptolib/ExtensionsDiffblueTest.java
INFO  Trying to restore test source file /home/jbergqvist/diffblue/symphonyoss-App-Integrations-Core/integration-core/src/test/java/com/symphony/security/clientsdk/entity/EntityCiphertextTransportV2DiffblueTest.java
INFO  Successfully restored test source file /home/jbergqvist/diffblue/symphonyoss-App-Integrations-Core/integration-core/src/test/java/com/symphony/security/clientsdk/entity/EntityCiphertextTransportV2DiffblueTest.java
INFO  Trying to restore test source file /home/jbergqvist/diffblue/symphonyoss-App-Integrations-Core/integration-core/src/test/java/com/symphony/security/clientsdk/search/ClientTokenizer_v2DiffblueTest.java
INFO  Successfully restored test source file /home/jbergqvist/diffblue/symphonyoss-App-Integrations-Core/integration-core/src/test/java/com/symphony/security/clientsdk/search/ClientTokenizer_v2DiffblueTest.java
INFO  Trying to restore test source file /home/jbergqvist/diffblue/symphonyoss-App-Integrations-Core/integration-core/src/test/java/com/symphony/security/utils/BytesDiffblueTest.java
INFO  Successfully restored test source file /home/jbergqvist/diffblue/symphonyoss-App-Integrations-Core/integration-core/src/test/java/com/symphony/security/utils/BytesDiffblueTest.java
INFO  Trying to restore test source file /home/jbergqvist/diffblue/symphonyoss-App-Integrations-Core/integration-core/src/test/java/com/symphony/security/utils/CryptoHashUtilsDiffblueTest.java
INFO  Successfully restored test source file /home/jbergqvist/diffblue/symphonyoss-App-Integrations-Core/integration-core/src/test/java/com/symphony/security/utils/CryptoHashUtilsDiffblueTest.java
INFO  Trying to restore test source file /home/jbergqvist/diffblue/symphonyoss-App-Integrations-Core/integration-core/src/test/java/org/symphonyoss/integration/core/NullIntegrationDiffblueTest.java
INFO  Successfully restored test source file /home/jbergqvist/diffblue/symphonyoss-App-Integrations-Core/integration-core/src/test/java/org/symphonyoss/integration/core/NullIntegrationDiffblueTest.java
INFO  Trying to restore test source file /home/jbergqvist/diffblue/symphonyoss-App-Integrations-Core/integration-core/src/test/java/org/symphonyoss/integration/core/authorization/AuthorizationRepositoryServiceImplDiffblueTest.java
INFO  Successfully restored test source file /home/jbergqvist/diffblue/symphonyoss-App-Integrations-Core/integration-core/src/test/java/org/symphonyoss/integration/core/authorization/AuthorizationRepositoryServiceImplDiffblueTest.java
INFO  Trying to restore test source file /home/jbergqvist/diffblue/symphonyoss-App-Integrations-Core/integration-core/src/test/java/org/symphonyoss/integration/core/authorization/LocalAuthorizationRepositoryServiceDiffblueTest.java
INFO  Successfully restored test source file /home/jbergqvist/diffblue/symphonyoss-App-Integrations-Core/integration-core/src/test/java/org/symphonyoss/integration/core/authorization/LocalAuthorizationRepositoryServiceDiffblueTest.java
INFO  Trying to restore test source file /home/jbergqvist/diffblue/symphonyoss-App-Integrations-Core/integration-core/src/test/java/org/symphonyoss/integration/core/bootstrap/IntegrationBootstrapInfoDiffblueTest.java
INFO  Successfully restored test source file /home/jbergqvist/diffblue/symphonyoss-App-Integrations-Core/integration-core/src/test/java/org/symphonyoss/integration/core/bootstrap/IntegrationBootstrapInfoDiffblueTest.java
INFO  Trying to restore test source file /home/jbergqvist/diffblue/symphonyoss-App-Integrations-Core/integration-core/src/test/java/org/symphonyoss/integration/core/bootstrap/IntegrationLoggingDiffblueTest.java
INFO  Successfully restored test source file /home/jbergqvist/diffblue/symphonyoss-App-Integrations-Core/integration-core/src/test/java/org/symphonyoss/integration/core/bootstrap/IntegrationLoggingDiffblueTest.java
INFO  Trying to restore test source file /home/jbergqvist/diffblue/symphonyoss-App-Integrations-Core/integration-core/src/test/java/org/symphonyoss/integration/core/bridge/IntegrationBridgeImplDiffblueTest.java
INFO  Successfully restored test source file /home/jbergqvist/diffblue/symphonyoss-App-Integrations-Core/integration-core/src/test/java/org/symphonyoss/integration/core/bridge/IntegrationBridgeImplDiffblueTest.java
INFO  Trying to restore test source file /home/jbergqvist/diffblue/symphonyoss-App-Integrations-Core/integration-core/src/test/java/org/symphonyoss/integration/core/service/UserServiceImplDiffblueTest.java
INFO  Successfully restored test source file /home/jbergqvist/diffblue/symphonyoss-App-Integrations-Core/integration-core/src/test/java/org/symphonyoss/integration/core/service/UserServiceImplDiffblueTest.java
INFO  Test execution failed, analyzing...
INFO  The following files were modified during generation of tests and have been detected to cause problems.
INFO  These files have been restored to the state before we added tests to them.
INFO   /home/jbergqvist/diffblue/symphonyoss-App-Integrations-Core/integration-core/src/test/java/com/gs/ti/wpt/lc/security/cryptolib/ExtensionsDiffblueTest.java
INFO   /home/jbergqvist/diffblue/symphonyoss-App-Integrations-Core/integration-core/src/test/java/com/symphony/security/clientsdk/entity/EntityCiphertextTransportV2DiffblueTest.java
INFO   /home/jbergqvist/diffblue/symphonyoss-App-Integrations-Core/integration-core/src/test/java/com/symphony/security/clientsdk/search/ClientTokenizer_v2DiffblueTest.java
INFO   /home/jbergqvist/diffblue/symphonyoss-App-Integrations-Core/integration-core/src/test/java/com/symphony/security/utils/BytesDiffblueTest.java
INFO   /home/jbergqvist/diffblue/symphonyoss-App-Integrations-Core/integration-core/src/test/java/com/symphony/security/utils/CryptoHashUtilsDiffblueTest.java
INFO   /home/jbergqvist/diffblue/symphonyoss-App-Integrations-Core/integration-core/src/test/java/org/symphonyoss/integration/core/NullIntegrationDiffblueTest.java
INFO   /home/jbergqvist/diffblue/symphonyoss-App-Integrations-Core/integration-core/src/test/java/org/symphonyoss/integration/core/authorization/AuthorizationRepositoryServiceImplDiffblueTest.java
INFO   /home/jbergqvist/diffblue/symphonyoss-App-Integrations-Core/integration-core/src/test/java/org/symphonyoss/integration/core/authorization/LocalAuthorizationRepositoryServiceDiffblueTest.java
INFO   /home/jbergqvist/diffblue/symphonyoss-App-Integrations-Core/integration-core/src/test/java/org/symphonyoss/integration/core/bootstrap/IntegrationBootstrapInfoDiffblueTest.java
INFO   /home/jbergqvist/diffblue/symphonyoss-App-Integrations-Core/integration-core/src/test/java/org/symphonyoss/integration/core/bootstrap/IntegrationLoggingDiffblueTest.java
INFO   /home/jbergqvist/diffblue/symphonyoss-App-Integrations-Core/integration-core/src/test/java/org/symphonyoss/integration/core/bridge/IntegrationBridgeImplDiffblueTest.java
INFO   /home/jbergqvist/diffblue/symphonyoss-App-Integrations-Core/integration-core/src/test/java/org/symphonyoss/integration/core/service/UserServiceImplDiffblueTest.java
INFO    
INFO  Test execution failed, analyzing...
INFO  2 individual tests did not pass and were removed.
INFO    
INFO  Number of tests discarded during validation since they didn't compile, run or pass
INFO    1 for org.symphonyoss.integration.core.authorization.LocalAuthorizationRepoServiceCondition.matches
INFO    1 for org.symphonyoss.integration.core.authorization.RemoteAuthorizationRepoServiceCondition.matches
INFO  To skip discarding these tests please re-run DCover with --skip-test-validation
INFO  Test validation was able to validate 871 out of 873 complete tests, the remainder were discarded.
INFO  Refactorings have been generated - run `dcover refactor` to apply them
INFO  
INFO  Calculating coverage from manual tests.
INFO  This can take a while, please be patient...
INFO  JaCoCo report file created in /home/jbergqvist/diffblue/symphonyoss-App-Integrations-Core/integration-core/.diffblue/reports/manual-tests-jacoco-report.xml
INFO  
INFO  Calculating coverage from Diffblue tests.
INFO  This can take a while, please be patient...
INFO  JaCoCo report file created in /home/jbergqvist/diffblue/symphonyoss-App-Integrations-Core/integration-core/.diffblue/reports/diffblue-tests-jacoco-report.xml
INFO  
INFO  Manual tests cover 718 of 3208 lines to cover (22.4%)
INFO  Diffblue tests cover 965 of 3208 lines to cover (30.1%)
INFO  Writing JSON report to /home/jbergqvist/diffblue/symphonyoss-App-Integrations-Core/integration-core/.diffblue/reports/report.json
INFO  
WARN  One or more warnings were logged, please review them in the log file
INFO  Log file: /home/jbergqvist/diffblue/symphonyoss-App-Integrations-Core/.diffblue/log/user-20260122T162543.log
INFO  Finished in 30m 7s
