INFO  Diffblue Cover 2026.01.01-SNAPSHOT-f2f2d79-local
INFO  
INFO  Command: issues
INFO  Output a prioritized list of issues.
INFO  
INFO  Selected modules:
INFO  - org.symphonyoss.symphony.integrations:integration-core
INFO  
INFO  
INFO  [1/1] Diagnosing issues for module: org.symphonyoss.symphony.integrations:integration-core
INFO  ==========================================================================================
INFO  
INFO  Detected Java version 1.8.0_472
INFO  Selected build system: Maven
INFO  Selected classpath from build system maven
INFO  Reading report file '/home/jbergqvist/diffblue/symphonyoss-App-Integrations-Core/integration-core/.diffblue/reports/report.json'
INFO  Copied report file to '/home/jbergqvist/diffblue/symphonyoss-App-Integrations-Core/integration-core/.diffblue/reports/report-20260122T154014.json'
INFO  
INFO  R020: Temporary files were created but not deleted
INFO  Issues: 9
INFO  Affected methods: 9
INFO  
INFO  R013: No inputs found that don't throw a trivial exception
INFO  Issues: 33
INFO  Affected methods: 45
INFO  
INFO  R002: Missing observers
INFO  Issues: 6
INFO  Affected methods: 7
INFO  
INFO  R011: Sandboxing policy violation
INFO  Issues: 4
INFO  Affected methods: 5
INFO  
INFO  R081: Exception in arrange section
INFO  Issues: 14
INFO  Affected methods: 66
INFO  
INFO  R031: Method may be time-sensitive
INFO  Issues: 1
INFO  Affected methods: 1
INFO  
INFO  R027: Missing beans when creating Spring context
INFO  Issues: 2
INFO  Affected methods: 2
INFO  
INFO  69 issues were found, rerun with --prompts to list with actionable advice
INFO  Rerun with --prompts --limit 10 --skip 10 to restrict which issues are displayed
INFO  
INFO  Log file: /home/jbergqvist/diffblue/symphonyoss-App-Integrations-Core/.diffblue/log/user-20260122T160618.log
INFO  Finished in 9s
